fpm.c:231:13:reverse_bytes	0	static
fpm.c:555:13:write_packet	40	static
fpm.c:576:16:get_reply	64	static
fpm.c:723:16:read_ack_get_response.constprop	32	static
fpm.c:68:9:fpm_set_password	16	static
fpm.c:83:9:fpm_get_image	16	static
fpm.c:96:9:fpm_get_imageNL	16	static
fpm.c:109:9:fpm_led_on	16	static
fpm.c:122:9:fpm_led_off	16	static
fpm.c:134:9:fpm_standby	16	static
fpm.c:146:9:fpm_image2Tz	16	static
fpm.c:160:9:fpm_create_model	16	static
fpm.c:173:9:fpm_store_model	16	static
fpm.c:189:9:fpm_load_model	16	static
fpm.c:242:9:fpm_read_params	24	static
fpm.c:45:9:fpm_begin	24	static
fpm.c:205:9:fpm_set_param	24	static
fpm.c:282:9:fpm_down_image	16	static
fpm.c:295:9:fpm_read_raw	40	static
fpm.c:334:6:fpm_write_raw	24	static
fpm.c:347:9:fpm_download_model	16	static
fpm.c:360:9:fpm_upload_model	16	static
fpm.c:373:9:fpm_delete_model	16	static
fpm.c:388:9:fpm_empty_database	16	static
fpm.c:400:9:fpm_search_database	32	static
fpm.c:432:9:fpm_match_template_pair	24	static
fpm.c:455:9:fpm_get_template_count	24	static
fpm.c:478:9:fpm_get_free_index	32	static
fpm.c:516:9:fpm_get_random_number	24	static
fpm.c:543:9:fpm_handshake	16	static
