delay.h:18:10:millis	0	static
main.c:1684:10:uart3_avail	0	static
main.c:1688:10:uart3_read	0	static
main.c:1692:6:uart3_write	0	static
delay.h:13:6:delay_ms	0	static
delay.h:24:6:delay_us	0	static
timers_config.h:12:6:TIM2Init	24	static
timers_config.h:38:6:watchDogEnable	16	static
LCDx.h:32:6:LCDData	16	static
LCDx.h:33:6:LCDCmd	16	static
LCDx.h:34:6:LCDClear	0	static
LCDx.h:35:6:writeLCDRAM	8	static
LCDx.h:40:6:writeLCDROM	16	static
LCDx.h:48:6:LCDPos	8	static
LCDx.h:57:6:LCD	16	static
LCDx.h:72:6:alignTextOnScreen	40	static
LCDx.h:86:6:writeLCDRAMAtPos	8	static
LCDx.h:90:6:initLCD	8	static
LCDx.h:101:6:lcdCenterText	48	static
LCDx.h:111:6:LCDPrintFlash	48	static
LCDx.h:120:6:LCDCursorOff	8	static
LCDx.h:126:6:LCDCursorON	8	static
LCDx.h:133:6:LCDBlinkOn	8	static
LCDx.h:140:6:LCDBlinkOff	8	static
my_stm32f103_rtc.h:57:6:makeTimeFromSeconds	20	static
my_stm32f103_rtc.h:96:10:secondsSince2000	20	static
my_stm32f103_rtc.h:137:10:minutesSince2000	24	static
my_stm32f103_rtc.h:171:9:makeTimeFromMinutes	20	static
my_stm32f103_rtc.h:210:15:bcdToBin	0	static
my_stm32f103_rtc.h:231:6:bcdToBinArray	8	static
my_stm32f103_rtc.h:241:6:adjustClock	8	static
main.c:1765:6:rtcc.part.6	16	static
my_stm32f103_rtc.h:251:6:writeDefaultTime	16	static
my_stm32f103_rtc.h:260:6:RTC_IRQHandler	8	static
my_stm32f103_rtc.h:274:6:RTC_Configuration	8	static
my_stm32f103_rtc.h:292:6:initIRQ_RTC	16	static
my_stm32f103_rtc.h:303:9:initRTC	8	static
my_stm32f103_i2c.h:24:6:printWriteError	0	static
my_stm32f103_i2c.h:46:6:I2C_Delay	0	static
my_stm32f103_i2c.h:49:6:i2cWriteClock	8	static
my_stm32f103_i2c.h:58:6:i2cStart	8	static
my_stm32f103_i2c.h:69:6:i2cStop	8	static
my_stm32f103_i2c.h:81:9:I2C_Ackn	8	static
my_stm32f103_i2c.h:94:6:i2cWriteBit	8	static
my_stm32f103_i2c.h:103:9:i2cWriteByte	16	static
my_stm32f103_i2c.h:114:9:i2cReadByte	24	static
my_stm32f103_i2c.h:135:9:i2cWriteAck	16	static
my_stm32f103_i2c.h:149:9:writePage	32	static
my_stm32f103_i2c.h:177:9:writeBytesInPage	24	static
my_stm32f103_i2c.h:193:9:i2c.part.0	40	static
my_stm32f103_i2c.h:193:9:i2c	8	static
my_stm32f103_i2c.h:264:6:initTWIO	24	static
my_stm32f10x_adc.h:29:6:enableADCIRQ	8	static
my_stm32f10x_adc.h:35:6:disableADCIRQ	8	static
my_stm32f10x_adc.h:49:5:readADC1NoIRQ	8	static
my_stm32f10x_adc.h:58:10:getADC	8	static
my_stm32f10x_adc.h:64:6:ADC1_2_IRQHandler	0	static
my_stm32f10x_adc.h:69:6:ADCRegConfigure	40	static
my_stm32f10x_adc.h:97:6:ADCIOConfigure	16	static
analog_joystick.h:53:10:joystickADCGetAverage	24	static
analog_joystick.h:64:10:JoystickGetButtonState	8	static
analog_joystick.h:70:10:JoystickReadStick	8	static
analog_joystick.h:83:10:JoystickGetAll	8	static
analog_joystick.h:100:10:scanKeypad	8	static
main.c:118:6:reset_setup_vars	0	static
main.c:136:6:display_normal_mode	8	static
main.c:148:6:popup_menu	24	static
main.c:160:6:update_menu_state	0	static
main.c:176:6:scroll_up	8	static
main.c:188:6:scroll_down	8	static
main.c:201:10:get_next_free_id_in_eeprom	40	static
main.c:218:9:search_id_in_eeprom	56	static
main.c:244:9:pull_user_info_from_eeprom	16	static
main.c:278:6:grant_user_access	0	static
main.c:420:9:fpm_match_one_to_many	24	static
main.c:456:9:get_id_pwd_from_user	32	static
main.c:587:10:unregister_user	8	static
main.c:875:9:admin_login	40	static
main.c:593:6:delete_user	64	static
main.c:661:9:search_user	48	static
main.c:709:9:delete_all_users	48	static
main.c:969:6:GPIO_InConfigure	16	static
main.c:980:6:GPIOOutConfigure	24	static
LCDx.h:147:6:configLCD	8	static
main.c:991:6:gpio_clocks_enable	0	static
main.c:998:6:disableJTAG	0	static
main.c:1004:6:initSysTick	8	static
main.c:1010:6:enableUSARTs	8	static
main.c:1024:6:enableFPM	8	static
main.c:1047:6:erase_eeprom	160	static
main.c:1059:6:check_slots	40	static
main.c:1122:6:checkEEPROM	8	static
main.c:1127:6:setup_joystick	0	static
main.c:1132:6:setupADC	8	static
main.c:1138:6:setupLCD	8	static
main.c:1143:6:printWelcome	8	static
main.c:1299:6:initAccessGPIO	8	static
main.c:1431:9:get_free_id	24	static
main.c:1464:6:enroll_finger	24	static
main.c:235:9:getFingerprint	16	static
main.c:249:9:upload_registration	56	static
main.c:539:6:enroll_user	40	static
main.c:1384:6:enroll_mainloop	16	static
main.c:1583:10:read_template	56	static
main.c:1645:6:match_prints	24	static
main.c:1451:6:matchprints_mainloop	16	static
main.c:1697:6:MS_TICK_IRQ_HANDLER	0	static
main.c:1728:10:bytesToInt	0	static
main.c:1736:6:IntToBytes	0	static
main.c:1745:6:format_clk	24	static
main.c:782:9:download_access_log	120	static
main.c:824:9:download_templates.part.5	608	static
main.c:824:9:download_templates	8	static
main.c:1785:10:BCDToBin	0	static
main.c:1790:9:binToBCD	0	static
main.c:1150:6:format_lcd_clk	24	static
my_stm32f103_rtc.h:221:6:binToBcdArray	8	static
main.c:1753:6:printTime	16	static
main.c:1765:6:rtcc	16	static
main.c:285:6:scan_log_to_eeprom_also_validate	560	static
main.c:748:6:validate_and_log	64	static
main.c:1342:6:display_clk	48	static
main.c:1165:6:setup_time_date	88	static
main.c:913:6:execute_menu	16	static
main.c:949:6:get_admin	8	static
main.c:1352:6:runLoop	8	static
main.c:1306:6:initHardware	8	static
main.c:1374:5:main	8	static
my_stm32f103_rtc.h:216:15:binToBcd	0	static
main.c:1795:6:WWDG_IRQHandler	8	static
