Archive member included to satisfy reference by file (symbol)

c:/program files (x86)/atollic/truestudio for stm32 9.3.0/armtools/bin/../lib/gcc/arm-atollic-eabi/6.3.1/../../../../arm-atollic-eabi/lib/armv7-m\libc.a(lib_a-init.o)
                              src\startup_stm32f10x_md.o (__libc_init_array)
c:/program files (x86)/atollic/truestudio for stm32 9.3.0/armtools/bin/../lib/gcc/arm-atollic-eabi/6.3.1/../../../../arm-atollic-eabi/lib/armv7-m\libc.a(lib_a-locale.o)
                              src\main.o (__locale_ctype_ptr)
c:/program files (x86)/atollic/truestudio for stm32 9.3.0/armtools/bin/../lib/gcc/arm-atollic-eabi/6.3.1/../../../../arm-atollic-eabi/lib/armv7-m\libc.a(lib_a-mbtowc_r.o)
                              c:/program files (x86)/atollic/truestudio for stm32 9.3.0/armtools/bin/../lib/gcc/arm-atollic-eabi/6.3.1/../../../../arm-atollic-eabi/lib/armv7-m\libc.a(lib_a-locale.o) (__ascii_mbtowc)
c:/program files (x86)/atollic/truestudio for stm32 9.3.0/armtools/bin/../lib/gcc/arm-atollic-eabi/6.3.1/../../../../arm-atollic-eabi/lib/armv7-m\libc.a(lib_a-memcpy-stub.o)
                              src\main.o (memcpy)
c:/program files (x86)/atollic/truestudio for stm32 9.3.0/armtools/bin/../lib/gcc/arm-atollic-eabi/6.3.1/../../../../arm-atollic-eabi/lib/armv7-m\libc.a(lib_a-memset.o)
                              src\main.o (memset)
c:/program files (x86)/atollic/truestudio for stm32 9.3.0/armtools/bin/../lib/gcc/arm-atollic-eabi/6.3.1/../../../../arm-atollic-eabi/lib/armv7-m\libc.a(lib_a-printf.o)
                              src\fpm.o (printf)
c:/program files (x86)/atollic/truestudio for stm32 9.3.0/armtools/bin/../lib/gcc/arm-atollic-eabi/6.3.1/../../../../arm-atollic-eabi/lib/armv7-m\libc.a(lib_a-puts.o)
                              src\fpm.o (puts)
c:/program files (x86)/atollic/truestudio for stm32 9.3.0/armtools/bin/../lib/gcc/arm-atollic-eabi/6.3.1/../../../../arm-atollic-eabi/lib/armv7-m\libc.a(lib_a-sprintf.o)
                              src\main.o (sprintf)
c:/program files (x86)/atollic/truestudio for stm32 9.3.0/armtools/bin/../lib/gcc/arm-atollic-eabi/6.3.1/../../../../arm-atollic-eabi/lib/armv7-m\libc.a(lib_a-strcat.o)
                              src\main.o (strcat)
c:/program files (x86)/atollic/truestudio for stm32 9.3.0/armtools/bin/../lib/gcc/arm-atollic-eabi/6.3.1/../../../../arm-atollic-eabi/lib/armv7-m\libc.a(lib_a-strcmp.o)
                              c:/program files (x86)/atollic/truestudio for stm32 9.3.0/armtools/bin/../lib/gcc/arm-atollic-eabi/6.3.1/../../../../arm-atollic-eabi/lib/armv7-m\libc.a(lib_a-locale.o) (strcmp)
c:/program files (x86)/atollic/truestudio for stm32 9.3.0/armtools/bin/../lib/gcc/arm-atollic-eabi/6.3.1/../../../../arm-atollic-eabi/lib/armv7-m\libc.a(lib_a-strcpy.o)
                              src\main.o (strcpy)
c:/program files (x86)/atollic/truestudio for stm32 9.3.0/armtools/bin/../lib/gcc/arm-atollic-eabi/6.3.1/../../../../arm-atollic-eabi/lib/armv7-m\libc.a(lib_a-strlen.o)
                              src\main.o (strlen)
c:/program files (x86)/atollic/truestudio for stm32 9.3.0/armtools/bin/../lib/gcc/arm-atollic-eabi/6.3.1/../../../../arm-atollic-eabi/lib/armv7-m\libc.a(lib_a-strstr.o)
                              src\main.o (strstr)
c:/program files (x86)/atollic/truestudio for stm32 9.3.0/armtools/bin/../lib/gcc/arm-atollic-eabi/6.3.1/../../../../arm-atollic-eabi/lib/armv7-m\libc.a(lib_a-svfprintf.o)
                              c:/program files (x86)/atollic/truestudio for stm32 9.3.0/armtools/bin/../lib/gcc/arm-atollic-eabi/6.3.1/../../../../arm-atollic-eabi/lib/armv7-m\libc.a(lib_a-sprintf.o) (_svfprintf_r)
c:/program files (x86)/atollic/truestudio for stm32 9.3.0/armtools/bin/../lib/gcc/arm-atollic-eabi/6.3.1/../../../../arm-atollic-eabi/lib/armv7-m\libc.a(lib_a-vfprintf.o)
                              c:/program files (x86)/atollic/truestudio for stm32 9.3.0/armtools/bin/../lib/gcc/arm-atollic-eabi/6.3.1/../../../../arm-atollic-eabi/lib/armv7-m\libc.a(lib_a-printf.o) (_vfprintf_r)
c:/program files (x86)/atollic/truestudio for stm32 9.3.0/armtools/bin/../lib/gcc/arm-atollic-eabi/6.3.1/../../../../arm-atollic-eabi/lib/armv7-m\libc.a(lib_a-wctomb_r.o)
                              c:/program files (x86)/atollic/truestudio for stm32 9.3.0/armtools/bin/../lib/gcc/arm-atollic-eabi/6.3.1/../../../../arm-atollic-eabi/lib/armv7-m\libc.a(lib_a-locale.o) (__ascii_wctomb)
c:/program files (x86)/atollic/truestudio for stm32 9.3.0/armtools/bin/../lib/gcc/arm-atollic-eabi/6.3.1/../../../../arm-atollic-eabi/lib/armv7-m\libc.a(lib_a-wsetup.o)
                              c:/program files (x86)/atollic/truestudio for stm32 9.3.0/armtools/bin/../lib/gcc/arm-atollic-eabi/6.3.1/../../../../arm-atollic-eabi/lib/armv7-m\libc.a(lib_a-vfprintf.o) (__swsetup_r)
[...]
Memory Configuration

Name             Origin             Length             Attributes
FLASH            0x08000000         0x00010000         xr
RAM              0x20000000         0x00005000         xrw
MEMORY_B1        0x60000000         0x00000000         xr
*default*        0x00000000         0xffffffff

Linker script and memory map

LOAD c:/program files (x86)/atollic/truestudio for stm32 9.3.0/armtools/bin/../lib/gcc/arm-atollic-eabi/6.3.1/armv7-m/crti.o
LOAD c:/program files (x86)/atollic/truestudio for stm32 9.3.0/armtools/bin/../lib/gcc/arm-atollic-eabi/6.3.1/armv7-m/crtbegin.o
LOAD Libraries\STM32F10x_StdPeriph_Driver\src\misc.o
LOAD Libraries\STM32F10x_StdPeriph_Driver\src\stm32f10x_adc.o
LOAD Libraries\STM32F10x_StdPeriph_Driver\src\stm32f10x_bkp.o
LOAD Libraries\STM32F10x_StdPeriph_Driver\src\stm32f10x_can.o
LOAD Libraries\STM32F10x_StdPeriph_Driver\src\stm32f10x_cec.o
LOAD Libraries\STM32F10x_StdPeriph_Driver\src\stm32f10x_crc.o
LOAD Libraries\STM32F10x_StdPeriph_Driver\src\stm32f10x_dac.o
LOAD Libraries\STM32F10x_StdPeriph_Driver\src\stm32f10x_dbgmcu.o
LOAD Libraries\STM32F10x_StdPeriph_Driver\src\stm32f10x_dma.o
LOAD Libraries\STM32F10x_StdPeriph_Driver\src\stm32f10x_exti.o
LOAD Libraries\STM32F10x_StdPeriph_Driver\src\stm32f10x_flash.o
LOAD Libraries\STM32F10x_StdPeriph_Driver\src\stm32f10x_fsmc.o
LOAD Libraries\STM32F10x_StdPeriph_Driver\src\stm32f10x_gpio.o
LOAD Libraries\STM32F10x_StdPeriph_Driver\src\stm32f10x_i2c.o
LOAD Libraries\STM32F10x_StdPeriph_Driver\src\stm32f10x_iwdg.o
LOAD Libraries\STM32F10x_StdPeriph_Driver\src\stm32f10x_pwr.o
LOAD Libraries\STM32F10x_StdPeriph_Driver\src\stm32f10x_rcc.o
LOAD Libraries\STM32F10x_StdPeriph_Driver\src\stm32f10x_rtc.o
LOAD Libraries\STM32F10x_StdPeriph_Driver\src\stm32f10x_sdio.o
LOAD Libraries\STM32F10x_StdPeriph_Driver\src\stm32f10x_spi.o
LOAD Libraries\STM32F10x_StdPeriph_Driver\src\stm32f10x_tim.o
LOAD Libraries\STM32F10x_StdPeriph_Driver\src\stm32f10x_usart.o
LOAD Libraries\STM32F10x_StdPeriph_Driver\src\stm32f10x_wwdg.o
LOAD src\fpm.o
LOAD src\main.o
LOAD src\startup_stm32f10x_md.o
LOAD src\stm32f1xx_it.o
LOAD src\stmutils.o
LOAD src\system_stm32f10x.o
LOAD src\uart_drv.o
                0x00000080                malloc_getpagesize_P = 0x80
START GROUP
LOAD c:/program files (x86)/atollic/truestudio for stm32 9.3.0/armtools/bin/../lib/gcc/arm-atollic-eabi/6.3.1/../../../../arm-atollic-eabi/lib/armv7-m\libc.a
LOAD c:/program files (x86)/atollic/truestudio for stm32 9.3.0/armtools/bin/../lib/gcc/arm-atollic-eabi/6.3.1/../../../../arm-atollic-eabi/lib/armv7-m\libm.a
END GROUP
START GROUP
LOAD c:/program files (x86)/atollic/truestudio for stm32 9.3.0/armtools/bin/../lib/gcc/arm-atollic-eabi/6.3.1/armv7-m\libgcc.a
LOAD c:/program files (x86)/atollic/truestudio for stm32 9.3.0/armtools/bin/../lib/gcc/arm-atollic-eabi/6.3.1/../../../../arm-atollic-eabi/lib/armv7-m\libc.a
END GROUP
START GROUP
LOAD c:/program files (x86)/atollic/truestudio for stm32 9.3.0/armtools/bin/../lib/gcc/arm-atollic-eabi/6.3.1/armv7-m\libgcc.a
LOAD c:/program files (x86)/atollic/truestudio for stm32 9.3.0/armtools/bin/../lib/gcc/arm-atollic-eabi/6.3.1/../../../../arm-atollic-eabi/lib/armv7-m\libc.a
LOAD c:/program files (x86)/atollic/truestudio for stm32 9.3.0/armtools/bin/../lib/gcc/arm-atollic-eabi/6.3.1/../../../../arm-atollic-eabi/lib/armv7-m\libnosys.a
END GROUP
LOAD c:/program files (x86)/atollic/truestudio for stm32 9.3.0/armtools/bin/../lib/gcc/arm-atollic-eabi/6.3.1/armv7-m/crtend.o
LOAD c:/program files (x86)/atollic/truestudio for stm32 9.3.0/armtools/bin/../lib/gcc/arm-atollic-eabi/6.3.1/armv7-m/crtn.o
                0x20005000                _estack = 0x20005000
                0x00000000                _Min_Heap_Size = 0x0
                0x00000100                _Min_Stack_Size = 0x100

.isr_vector     0x08000000      0x10c
                0x08000000                . = ALIGN (0x4)
 *(.isr_vector)
 .isr_vector    0x08000000      0x10c src\startup_stm32f10x_md.o
                0x08000000                g_pfnVectors
                0x0800010c                . = ALIGN (0x4)

.text           0x08000110     0x90f4
                0x08000110                . = ALIGN (0x4)
 *(.text)
 .text          0x08000110       0x40 c:/program files (x86)/atollic/truestudio for stm32 9.3.0/armtools/bin/../lib/gcc/arm-atollic-eabi/6.3.1/armv7-m/crtbegin.o
 .text          0x08000150       0x10 c:/program files (x86)/atollic/truestudio for stm32 9.3.0/armtools/bin/../lib/gcc/arm-atollic-eabi/6.3.1/../../../../arm-atollic-eabi/lib/armv7-m\libc.a(lib_a-strlen.o)
                0x08000150                strlen
 .text          0x08000160      0x370 c:/program files (x86)/atollic/truestudio for stm32 9.3.0/armtools/bin/../lib/gcc/arm-atollic-eabi/6.3.1/armv7-m\libgcc.a(_arm_addsubdf3.o)
                0x08000160                __aeabi_drsub
                0x08000168                __aeabi_dsub
                0x08000168                __subdf3
                0x0800016c                __aeabi_dadd
                0x0800016c                __adddf3
                0x080003e4                __floatunsidf
                0x080003e4                __aeabi_ui2d
                0x08000404                __floatsidf
                0x08000404                __aeabi_i2d
                0x08000428                __aeabi_f2d
                0x08000428                __extendsfdf2
                0x08000464                __floatundidf
                0x08000464                __aeabi_ul2d
                0x08000474                __floatdidf
                0x08000474                __aeabi_l2d
 .text          0x080004d0      0x424 c:/program files (x86)/atollic/truestudio for stm32 9.3.0/armtools/bin/../lib/gcc/arm-atollic-eabi/6.3.1/armv7-m\libgcc.a(_arm_muldivdf3.o)
                0x080004d0                __aeabi_dmul
                0x080004d0                __muldf3
                0x08000724                __divdf3
                0x08000724                __aeabi_ddiv
 .text          0x080008f4      0x110 c:/program files (x86)/atollic/truestudio for stm32 9.3.0/armtools/bin/../lib/gcc/arm-atollic-eabi/6.3.1/armv7-m\libgcc.a(_arm_cmpdf2.o)
                0x080008f4                __gtdf2
                0x080008f4                __gedf2
                0x080008fc                __ltdf2
                0x080008fc                __ledf2
                0x08000904                __nedf2
                0x08000904                __eqdf2
                0x08000904                __cmpdf2
                0x08000980                __aeabi_cdrcmple
                0x08000990                __aeabi_cdcmpeq
                0x08000990                __aeabi_cdcmple
                0x080009a0                __aeabi_dcmpeq
                0x080009b4                __aeabi_dcmplt
                0x080009c8                __aeabi_dcmple
                0x080009dc                __aeabi_dcmpge
                0x080009f0                __aeabi_dcmpgt
 .text          0x08000a04       0x2c c:/program files (x86)/atollic/truestudio for stm32 9.3.0/armtools/bin/../lib/gcc/arm-atollic-eabi/6.3.1/armv7-m\libgcc.a(_arm_unorddf2.o)
                0x08000a04                __unorddf2
                0x08000a04                __aeabi_dcmpun
 .text          0x08000a30       0x50 c:/program files (x86)/atollic/truestudio for stm32 9.3.0/armtools/bin/../lib/gcc/arm-atollic-eabi/6.3.1/armv7-m\libgcc.a(_arm_fixdfsi.o)
                0x08000a30                __aeabi_d2iz
                0x08000a30                __fixdfsi
 .text          0x08000a80       0x30 c:/program files (x86)/atollic/truestudio for stm32 9.3.0/armtools/bin/../lib/gcc/arm-atollic-eabi/6.3.1/armv7-m\libgcc.a(_aeabi_uldivmod.o)
                0x08000a80                __aeabi_uldivmod
 .text          0x08000ab0      0x2dc c:/program files (x86)/atollic/truestudio for stm32 9.3.0/armtools/bin/../lib/gcc/arm-atollic-eabi/6.3.1/armv7-m\libgcc.a(_udivmoddi4.o)
                0x08000ab0                __udivmoddi4
 .text          0x08000d8c        0x4 c:/program files (x86)/atollic/truestudio for stm32 9.3.0/armtools/bin/../lib/gcc/arm-atollic-eabi/6.3.1/armv7-m\libgcc.a(_dvmd_tls.o)
                0x08000d8c                __aeabi_idiv0
                0x08000d8c                __aeabi_ldiv0
 *(.text*)
 .text.NVIC_PriorityGroupConfig
                0x08000d90       0x14 Libraries\STM32F10x_StdPeriph_Driver\src\misc.o
                0x08000d90                NVIC_PriorityGroupConfig
 .text.NVIC_Init
                0x08000da4       0x5c Libraries\STM32F10x_StdPeriph_Driver\src\misc.o
                0x08000da4                NVIC_Init
 .text.ADC_DeInit
                0x08000e00       0x60 Libraries\STM32F10x_StdPeriph_Driver\src\stm32f10x_adc.o
                0x08000e00                ADC_DeInit
 .text.ADC_Init
                0x08000e60       0x48 Libraries\STM32F10x_StdPeriph_Driver\src\stm32f10x_adc.o
                0x08000e60                ADC_Init
 .text.ADC_Cmd  0x08000ea8       0x12 Libraries\STM32F10x_StdPeriph_Driver\src\stm32f10x_adc.o
                0x08000ea8                ADC_Cmd
 .text.ADC_ITConfig
                0x08000eba       0x12 Libraries\STM32F10x_StdPeriph_Driver\src\stm32f10x_adc.o
                0x08000eba                ADC_ITConfig
 .text.ADC_ResetCalibration
                0x08000ecc        0xa Libraries\STM32F10x_StdPeriph_Driver\src\stm32f10x_adc.o
                0x08000ecc                ADC_ResetCalibration
 .text.ADC_GetResetCalibrationStatus
                0x08000ed6        0x8 Libraries\STM32F10x_StdPeriph_Driver\src\stm32f10x_adc.o
                0x08000ed6                ADC_GetResetCalibrationStatus
 .text.ADC_StartCalibration
                0x08000ede        0xa Libraries\STM32F10x_StdPeriph_Driver\src\stm32f10x_adc.o
                0x08000ede                ADC_StartCalibration
 .text.ADC_GetCalibrationStatus
                0x08000ee8        0x8 Libraries\STM32F10x_StdPeriph_Driver\src\stm32f10x_adc.o
                0x08000ee8                ADC_GetCalibrationStatus
 .text.ADC_SoftwareStartConvCmd
                0x08000ef0       0x12 Libraries\STM32F10x_StdPeriph_Driver\src\stm32f10x_adc.o
                0x08000ef0                ADC_SoftwareStartConvCmd
 .text.ADC_RegularChannelConfig
                0x08000f02       0x8c Libraries\STM32F10x_StdPeriph_Driver\src\stm32f10x_adc.o
                0x08000f02                ADC_RegularChannelConfig
 .text.ADC_GetConversionValue
                0x08000f8e        0x6 Libraries\STM32F10x_StdPeriph_Driver\src\stm32f10x_adc.o
                0x08000f8e                ADC_GetConversionValue
 .text.ADC_GetFlagStatus
                0x08000f94        0xc Libraries\STM32F10x_StdPeriph_Driver\src\stm32f10x_adc.o
                0x08000f94                ADC_GetFlagStatus
 .text.ADC_ClearFlag
                0x08000fa0        0x6 Libraries\STM32F10x_StdPeriph_Driver\src\stm32f10x_adc.o
                0x08000fa0                ADC_ClearFlag
 .text.ADC_ClearITPendingBit
                0x08000fa6        0x8 Libraries\STM32F10x_StdPeriph_Driver\src\stm32f10x_adc.o
                0x08000fa6                ADC_ClearITPendingBit
 .text.BKP_DeInit
                0x08000fae       0x12 Libraries\STM32F10x_StdPeriph_Driver\src\stm32f10x_bkp.o
                0x08000fae                BKP_DeInit
 .text.BKP_WriteBackupRegister
                0x08000fc0       0x1c Libraries\STM32F10x_StdPeriph_Driver\src\stm32f10x_bkp.o
                0x08000fc0                BKP_WriteBackupRegister
 .text.BKP_ReadBackupRegister
                0x08000fdc       0x20 Libraries\STM32F10x_StdPeriph_Driver\src\stm32f10x_bkp.o
                0x08000fdc                BKP_ReadBackupRegister
 .text.GPIO_Init
                0x08000ffc       0xa4 Libraries\STM32F10x_StdPeriph_Driver\src\stm32f10x_gpio.o
                0x08000ffc                GPIO_Init
 .text.GPIO_ReadInputDataBit
                0x080010a0        0xc Libraries\STM32F10x_StdPeriph_Driver\src\stm32f10x_gpio.o
                0x080010a0                GPIO_ReadInputDataBit
 .text.GPIO_PinRemapConfig
                0x080010ac       0x60 Libraries\STM32F10x_StdPeriph_Driver\src\stm32f10x_gpio.o
                0x080010ac                GPIO_PinRemapConfig
 .text.PWR_BackupAccessCmd
                0x0800110c        0xc Libraries\STM32F10x_StdPeriph_Driver\src\stm32f10x_pwr.o
                0x0800110c                PWR_BackupAccessCmd
 .text.RCC_ADCCLKConfig
                0x08001118       0x14 Libraries\STM32F10x_StdPeriph_Driver\src\stm32f10x_rcc.o
                0x08001118                RCC_ADCCLKConfig
 .text.RCC_LSEConfig
                0x0800112c       0x20 Libraries\STM32F10x_StdPeriph_Driver\src\stm32f10x_rcc.o
                0x0800112c                RCC_LSEConfig
 .text.RCC_RTCCLKConfig
                0x0800114c       0x10 Libraries\STM32F10x_StdPeriph_Driver\src\stm32f10x_rcc.o
                0x0800114c                RCC_RTCCLKConfig
 .text.RCC_RTCCLKCmd
                0x0800115c        0xc Libraries\STM32F10x_StdPeriph_Driver\src\stm32f10x_rcc.o
                0x0800115c                RCC_RTCCLKCmd
 .text.RCC_GetClocksFreq
                0x08001168       0x88 Libraries\STM32F10x_StdPeriph_Driver\src\stm32f10x_rcc.o
                0x08001168                RCC_GetClocksFreq
 .text.RCC_APB2PeriphClockCmd
                0x080011f0       0x18 Libraries\STM32F10x_StdPeriph_Driver\src\stm32f10x_rcc.o
                0x080011f0                RCC_APB2PeriphClockCmd
 .text.RCC_APB1PeriphClockCmd
                0x08001208       0x18 Libraries\STM32F10x_StdPeriph_Driver\src\stm32f10x_rcc.o
                0x08001208                RCC_APB1PeriphClockCmd
 .text.RCC_APB2PeriphResetCmd
                0x08001220       0x18 Libraries\STM32F10x_StdPeriph_Driver\src\stm32f10x_rcc.o
                0x08001220                RCC_APB2PeriphResetCmd
 .text.RCC_BackupResetCmd
                0x08001238        0xc Libraries\STM32F10x_StdPeriph_Driver\src\stm32f10x_rcc.o
                0x08001238                RCC_BackupResetCmd
 .text.RCC_GetFlagStatus
                0x08001244       0x28 Libraries\STM32F10x_StdPeriph_Driver\src\stm32f10x_rcc.o
                0x08001244                RCC_GetFlagStatus
 .text.RCC_ClearFlag
                0x0800126c       0x10 Libraries\STM32F10x_StdPeriph_Driver\src\stm32f10x_rcc.o
                0x0800126c                RCC_ClearFlag
 .text.RTC_ITConfig
                0x0800127c       0x18 Libraries\STM32F10x_StdPeriph_Driver\src\stm32f10x_rtc.o
                0x0800127c                RTC_ITConfig
 .text.RTC_EnterConfigMode
                0x08001294       0x14 Libraries\STM32F10x_StdPeriph_Driver\src\stm32f10x_rtc.o
                0x08001294                RTC_EnterConfigMode
 .text.RTC_ExitConfigMode
                0x080012a8       0x14 Libraries\STM32F10x_StdPeriph_Driver\src\stm32f10x_rtc.o
                0x080012a8                RTC_ExitConfigMode
 .text.RTC_GetCounter
                0x080012bc       0x24 Libraries\STM32F10x_StdPeriph_Driver\src\stm32f10x_rtc.o
                0x080012bc                RTC_GetCounter
 .text.RTC_SetCounter
                0x080012e0       0x1c Libraries\STM32F10x_StdPeriph_Driver\src\stm32f10x_rtc.o
                0x080012e0                RTC_SetCounter
 .text.RTC_SetPrescaler
                0x080012fc       0x20 Libraries\STM32F10x_StdPeriph_Driver\src\stm32f10x_rtc.o
                0x080012fc                RTC_SetPrescaler
 .text.RTC_WaitForLastTask
                0x0800131c       0x10 Libraries\STM32F10x_StdPeriph_Driver\src\stm32f10x_rtc.o
                0x0800131c                RTC_WaitForLastTask
 .text.RTC_WaitForSynchro
                0x0800132c       0x1c Libraries\STM32F10x_StdPeriph_Driver\src\stm32f10x_rtc.o
                0x0800132c                RTC_WaitForSynchro
 .text.RTC_GetITStatus
                0x08001348       0x20 Libraries\STM32F10x_StdPeriph_Driver\src\stm32f10x_rtc.o
                0x08001348                RTC_GetITStatus
 .text.RTC_ClearITPendingBit
                0x08001368       0x14 Libraries\STM32F10x_StdPeriph_Driver\src\stm32f10x_rtc.o
                0x08001368                RTC_ClearITPendingBit
 .text.TIM_TimeBaseInit
                0x0800137c       0x94 Libraries\STM32F10x_StdPeriph_Driver\src\stm32f10x_tim.o
                0x0800137c                TIM_TimeBaseInit
 .text.TIM_Cmd  0x08001410       0x18 Libraries\STM32F10x_StdPeriph_Driver\src\stm32f10x_tim.o
                0x08001410                TIM_Cmd
 .text.TIM_DMACmd
                0x08001428       0x12 Libraries\STM32F10x_StdPeriph_Driver\src\stm32f10x_tim.o
                0x08001428                TIM_DMACmd
 .text.TIM_ITConfig
                0x0800143a        0x4 Libraries\STM32F10x_StdPeriph_Driver\src\stm32f10x_tim.o
                0x0800143a                TIM_ITConfig
 .text.TIM_ClearITPendingBit
                0x0800143e        0x8 Libraries\STM32F10x_StdPeriph_Driver\src\stm32f10x_tim.o
                0x0800143e                TIM_ClearITPendingBit
 *fill*         0x08001446        0x2 
 .text.USART_Init
                0x08001448       0xac Libraries\STM32F10x_StdPeriph_Driver\src\stm32f10x_usart.o
                0x08001448                USART_Init
 .text.USART_Cmd
                0x080014f4       0x18 Libraries\STM32F10x_StdPeriph_Driver\src\stm32f10x_usart.o
                0x080014f4                USART_Cmd
 .text.USART_ITConfig
                0x0800150c       0x30 Libraries\STM32F10x_StdPeriph_Driver\src\stm32f10x_usart.o
                0x0800150c                USART_ITConfig
 .text.USART_SendData
                0x0800153c        0x8 Libraries\STM32F10x_StdPeriph_Driver\src\stm32f10x_usart.o
                0x0800153c                USART_SendData
 .text.USART_ReceiveData
                0x08001544        0x8 Libraries\STM32F10x_StdPeriph_Driver\src\stm32f10x_usart.o
                0x08001544                USART_ReceiveData
 .text.USART_GetFlagStatus
                0x0800154c        0xc Libraries\STM32F10x_StdPeriph_Driver\src\stm32f10x_usart.o
                0x0800154c                USART_GetFlagStatus
 .text.USART_ClearFlag
                0x08001558        0x8 Libraries\STM32F10x_StdPeriph_Driver\src\stm32f10x_usart.o
                0x08001558                USART_ClearFlag
 .text.USART_GetITStatus
                0x08001560       0x40 Libraries\STM32F10x_StdPeriph_Driver\src\stm32f10x_usart.o
                0x08001560                USART_GetITStatus
 .text.USART_ClearITPendingBit
                0x080015a0        0xe Libraries\STM32F10x_StdPeriph_Driver\src\stm32f10x_usart.o
                0x080015a0                USART_ClearITPendingBit
 *fill*         0x080015ae        0x2 
 .text.WWDG_SetCounter
                0x080015b0       0x10 Libraries\STM32F10x_StdPeriph_Driver\src\stm32f10x_wwdg.o
                0x080015b0                WWDG_SetCounter
 .text.WWDG_ClearFlag
                0x080015c0        0xc Libraries\STM32F10x_StdPeriph_Driver\src\stm32f10x_wwdg.o
                0x080015c0                WWDG_ClearFlag
 .text.reverse_bytes
                0x080015cc       0x18 src\fpm.o
 .text.write_packet
                0x080015e4       0x90 src\fpm.o
 .text.get_reply
                0x08001674      0x1d4 src\fpm.o
 .text.read_ack_get_response.constprop.1
                0x08001848       0x48 src\fpm.o
 .text.fpm_get_image
                0x08001890       0x2c src\fpm.o
                0x08001890                fpm_get_image
 .text.fpm_image2Tz
                0x080018bc       0x32 src\fpm.o
                0x080018bc                fpm_image2Tz
 .text.fpm_create_model
                0x080018ee       0x2e src\fpm.o
                0x080018ee                fpm_create_model
 .text.fpm_store_model
                0x0800191c       0x3e src\fpm.o
                0x0800191c                fpm_store_model
 *fill*         0x0800195a        0x2 
 .text.fpm_read_params
                0x0800195c       0xe4 src\fpm.o
                0x0800195c                fpm_read_params
 .text.fpm_begin
                0x08001a40       0x7c src\fpm.o
                0x08001a40                fpm_begin
 .text.fpm_read_raw
                0x08001abc       0x70 src\fpm.o
                0x08001abc                fpm_read_raw
 .text.fpm_download_model
                0x08001b2c       0x34 src\fpm.o
                0x08001b2c                fpm_download_model
 .text.fpm_delete_model
                0x08001b60       0x44 src\fpm.o
                0x08001b60                fpm_delete_model
 .text.fpm_empty_database
                0x08001ba4       0x2e src\fpm.o
                0x08001ba4                fpm_empty_database
 .text.fpm_search_database
                0x08001bd2       0x7e src\fpm.o
                0x08001bd2                fpm_search_database
 .text.millis   0x08001c50        0xc src\main.o
                0x08001c50                millis
 .text.uart3_avail
                0x08001c5c        0xc src\main.o
                0x08001c5c                uart3_avail
 .text.uart3_read
                0x08001c68       0x10 src\main.o
                0x08001c68                uart3_read
 .text.uart3_write
                0x08001c78       0x10 src\main.o
                0x08001c78                uart3_write
 .text.delay_ms
                0x08001c88       0x14 src\main.o
                0x08001c88                delay_ms
 .text.delay_us
                0x08001c9c       0x12 src\main.o
                0x08001c9c                delay_us
 .text.TIM2Init
                0x08001cae       0x6e src\main.o
                0x08001cae                TIM2Init
 .text.LCDData  0x08001d1c       0xac src\main.o
                0x08001d1c                LCDData
 .text.LCDCmd   0x08001dc8       0xac src\main.o
                0x08001dc8                LCDCmd
 .text.LCDClear
                0x08001e74        0x6 src\main.o
                0x08001e74                LCDClear
 .text.writeLCDRAM
                0x08001e7a       0x16 src\main.o
                0x08001e7a                writeLCDRAM
 .text.LCDPos   0x08001e90       0x24 src\main.o
                0x08001e90                LCDPos
 .text.writeLCDRAMAtPos
                0x08001eb4       0x12 src\main.o
                0x08001eb4                writeLCDRAMAtPos
 *fill*         0x08001ec6        0x2 
 .text.initLCD  0x08001ec8       0x24 src\main.o
                0x08001ec8                initLCD
 .text.lcdCenterText
                0x08001eec       0x40 src\main.o
                0x08001eec                lcdCenterText
 .text.LCDPrintFlash
                0x08001f2c       0x2a src\main.o
                0x08001f2c                LCDPrintFlash
 .text.LCDBlinkOn
                0x08001f56       0x18 src\main.o
                0x08001f56                LCDBlinkOn
 .text.LCDBlinkOff
                0x08001f6e       0x18 src\main.o
                0x08001f6e                LCDBlinkOff
 *fill*         0x08001f86        0x2 
 .text.makeTimeFromSeconds
                0x08001f88      0x10c src\main.o
                0x08001f88                makeTimeFromSeconds
 .text.secondsSince2000
                0x08002094       0xa4 src\main.o
                0x08002094                secondsSince2000
 .text.bcdToBin
                0x08002138       0x12 src\main.o
                0x08002138                bcdToBin
 .text.bcdToBinArray
                0x0800214a       0x1a src\main.o
                0x0800214a                bcdToBinArray
 .text.adjustClock
                0x08002164       0x22 src\main.o
                0x08002164                adjustClock
 *fill*         0x08002186        0x2 
 .text.rtcc.part.6
                0x08002188       0x2c src\main.o
 .text.writeDefaultTime
                0x080021b4       0x1c src\main.o
                0x080021b4                writeDefaultTime
 .text.RTC_IRQHandler
                0x080021d0       0x3c src\main.o
                0x080021d0                RTC_IRQHandler
 .text.RTC_Configuration
                0x0800220c       0x58 src\main.o
                0x0800220c                RTC_Configuration
 .text.initIRQ_RTC
                0x08002264       0x2c src\main.o
                0x08002264                initIRQ_RTC
 .text.initRTC  0x08002290       0x58 src\main.o
                0x08002290                initRTC
 .text.I2C_Delay
                0x080022e8        0x6 src\main.o
                0x080022e8                I2C_Delay
 *fill*         0x080022ee        0x2 
 .text.i2cWriteClock
                0x080022f0       0x20 src\main.o
                0x080022f0                i2cWriteClock
 .text.i2cStart
                0x08002310       0x24 src\main.o
                0x08002310                i2cStart
 .text.i2cStop  0x08002334       0x24 src\main.o
                0x08002334                i2cStop
 .text.I2C_Ackn
                0x08002358       0x24 src\main.o
                0x08002358                I2C_Ackn
 .text.i2cWriteBit
                0x0800237c       0x24 src\main.o
                0x0800237c                i2cWriteBit
 .text.i2cWriteByte
                0x080023a0       0x30 src\main.o
                0x080023a0                i2cWriteByte
 .text.i2cReadByte
                0x080023d0       0x54 src\main.o
                0x080023d0                i2cReadByte
 .text.i2cWriteAck
                0x08002424       0x26 src\main.o
                0x08002424                i2cWriteAck
 .text.writePage
                0x0800244a       0x78 src\main.o
                0x0800244a                writePage
 .text.writeBytesInPage
                0x080024c2       0x6c src\main.o
                0x080024c2                writeBytesInPage
 .text.i2c.part.0
                0x0800252e       0xee src\main.o
 .text.i2c      0x0800261c       0x1c src\main.o
                0x0800261c                i2c
 .text.initTWIO
                0x08002638       0x2c src\main.o
                0x08002638                initTWIO
 .text.disableADCIRQ
                0x08002664       0x20 src\main.o
                0x08002664                disableADCIRQ
 .text.readADC1NoIRQ
                0x08002684       0x38 src\main.o
                0x08002684                readADC1NoIRQ
 .text.ADC1_2_IRQHandler
                0x080026bc       0x10 src\main.o
                0x080026bc                ADC1_2_IRQHandler
 .text.ADCRegConfigure
                0x080026cc       0x90 src\main.o
                0x080026cc                ADCRegConfigure
 .text.ADCIOConfigure
                0x0800275c       0x20 src\main.o
                0x0800275c                ADCIOConfigure
 .text.joystickADCGetAverage
                0x0800277c       0x30 src\main.o
                0x0800277c                joystickADCGetAverage
 .text.JoystickGetButtonState
                0x080027ac       0x18 src\main.o
                0x080027ac                JoystickGetButtonState
 .text.JoystickReadStick
                0x080027c4       0x6c src\main.o
                0x080027c4                JoystickReadStick
 .text.JoystickGetAll
                0x08002830       0x14 src\main.o
                0x08002830                JoystickGetAll
 .text.reset_setup_vars
                0x08002844       0x38 src\main.o
                0x08002844                reset_setup_vars
 .text.display_normal_mode
                0x0800287c       0x18 src\main.o
                0x0800287c                display_normal_mode
 .text.popup_menu
                0x08002894       0x60 src\main.o
                0x08002894                popup_menu
 .text.update_menu_state
                0x080028f4       0x38 src\main.o
                0x080028f4                update_menu_state
 .text.scroll_up
                0x0800292c       0x2c src\main.o
                0x0800292c                scroll_up
 .text.scroll_down
                0x08002958       0x2c src\main.o
                0x08002958                scroll_down
 .text.get_next_free_id_in_eeprom
                0x08002984       0x4c src\main.o
                0x08002984                get_next_free_id_in_eeprom
 .text.search_id_in_eeprom
                0x080029d0       0x4e src\main.o
                0x080029d0                search_id_in_eeprom
 .text.pull_user_info_from_eeprom
                0x08002a1e       0x20 src\main.o
                0x08002a1e                pull_user_info_from_eeprom
 *fill*         0x08002a3e        0x2 
 .text.grant_user_access
                0x08002a40       0x1c src\main.o
                0x08002a40                grant_user_access
 .text.fpm_match_one_to_many
                0x08002a5c       0x54 src\main.o
                0x08002a5c                fpm_match_one_to_many
 .text.get_id_pwd_from_user
                0x08002ab0       0xc0 src\main.o
                0x08002ab0                get_id_pwd_from_user
 .text.unregister_user
                0x08002b70       0x14 src\main.o
                0x08002b70                unregister_user
 .text.admin_login
                0x08002b84       0xbc src\main.o
                0x08002b84                admin_login
 .text.delete_user
                0x08002c40      0x144 src\main.o
                0x08002c40                delete_user
 .text.search_user
                0x08002d84       0xf8 src\main.o
                0x08002d84                search_user
 .text.delete_all_users
                0x08002e7c       0xc4 src\main.o
                0x08002e7c                delete_all_users
 .text.GPIO_InConfigure
                0x08002f40       0x1e src\main.o
                0x08002f40                GPIO_InConfigure
 .text.GPIOOutConfigure
                0x08002f5e       0x2a src\main.o
                0x08002f5e                GPIOOutConfigure
 .text.configLCD
                0x08002f88       0x4c src\main.o
                0x08002f88                configLCD
 .text.gpio_clocks_enable
                0x08002fd4        0x8 src\main.o
                0x08002fd4                gpio_clocks_enable
 .text.disableJTAG
                0x08002fdc       0x18 src\main.o
                0x08002fdc                disableJTAG
 .text.initSysTick
                0x08002ff4       0x38 src\main.o
                0x08002ff4                initSysTick
 .text.enableUSARTs
                0x0800302c       0x4c src\main.o
                0x0800302c                enableUSARTs
 .text.enableFPM
                0x08003078       0xa0 src\main.o
                0x08003078                enableFPM
 .text.erase_eeprom
                0x08003118       0x3e src\main.o
                0x08003118                erase_eeprom
 *fill*         0x08003156        0x2 
 .text.check_slots
                0x08003158      0x194 src\main.o
                0x08003158                check_slots
 .text.checkEEPROM
                0x080032ec       0x12 src\main.o
                0x080032ec                checkEEPROM
 *fill*         0x080032fe        0x2 
 .text.setup_joystick
                0x08003300        0xc src\main.o
                0x08003300                setup_joystick
 .text.setupADC
                0x0800330c        0xe src\main.o
                0x0800330c                setupADC
 .text.setupLCD
                0x0800331a        0xe src\main.o
                0x0800331a                setupLCD
 .text.printWelcome
                0x08003328       0x28 src\main.o
                0x08003328                printWelcome
 .text.initAccessGPIO
                0x08003350       0x34 src\main.o
                0x08003350                initAccessGPIO
 .text.enroll_finger
                0x08003384      0x184 src\main.o
                0x08003384                enroll_finger
 .text.getFingerprint
                0x08003508       0x24 src\main.o
                0x08003508                getFingerprint
 .text.upload_registration
                0x0800352c       0x7c src\main.o
                0x0800352c                upload_registration
 .text.enroll_user
                0x080035a8       0xd0 src\main.o
                0x080035a8                enroll_user
 .text.MS_TICK_IRQ_HANDLER
                0x08003678       0xa4 src\main.o
                0x08003678                MS_TICK_IRQ_HANDLER
 .text.format_clk
                0x0800371c       0x20 src\main.o
                0x0800371c                format_clk
 .text.download_templates.part.5
                0x0800373c      0x138 src\main.o
 .text.download_templates
                0x08003874       0x12 src\main.o
                0x08003874                download_templates
 .text.binToBCD
                0x08003886       0x12 src\main.o
                0x08003886                binToBCD
 .text.format_lcd_clk
                0x08003898       0x42 src\main.o
                0x08003898                format_lcd_clk
 .text.binToBcdArray
                0x080038da       0x1a src\main.o
                0x080038da                binToBcdArray
 .text.rtcc     0x080038f4       0x32 src\main.o
                0x080038f4                rtcc
 *fill*         0x08003926        0x2 
 .text.scan_log_to_eeprom_also_validate
                0x08003928      0x1ec src\main.o
                0x08003928                scan_log_to_eeprom_also_validate
 .text.display_clk
                0x08003b14       0x50 src\main.o
                0x08003b14                display_clk
 .text.setup_time_date
                0x08003b64      0x27c src\main.o
                0x08003b64                setup_time_date
 .text.execute_menu
                0x08003de0       0x6c src\main.o
                0x08003de0                execute_menu
 .text.get_admin
                0x08003e4c       0x50 src\main.o
                0x08003e4c                get_admin
 .text.runLoop  0x08003e9c       0x38 src\main.o
                0x08003e9c                runLoop
 .text.initHardware
                0x08003ed4       0x80 src\main.o
                0x08003ed4                initHardware
 .text.startup.main
                0x08003f54       0x12 src\main.o
                0x08003f54                main
 *fill*         0x08003f66        0x2 
 .text.WWDG_IRQHandler
                0x08003f68       0x1c src\main.o
                0x08003f68                WWDG_IRQHandler
 .text.Reset_Handler
                0x08003f84       0x50 src\startup_stm32f10x_md.o
                0x08003f84                Reset_Handler
 .text.Default_Handler
                0x08003fd4        0x2 src\startup_stm32f10x_md.o
                0x08003fd4                EXTI2_IRQHandler
                0x08003fd4                TIM1_CC_IRQHandler
                0x08003fd4                PVD_IRQHandler
                0x08003fd4                EXTI3_IRQHandler
                0x08003fd4                EXTI0_IRQHandler
                0x08003fd4                I2C2_EV_IRQHandler
                0x08003fd4                SPI1_IRQHandler
                0x08003fd4                TAMPER_IRQHandler
                0x08003fd4                DMA1_Channel4_IRQHandler
                0x08003fd4                DMA1_Channel7_IRQHandler
                0x08003fd4                CAN1_RX1_IRQHandler
                0x08003fd4                TIM4_IRQHandler
                0x08003fd4                I2C1_EV_IRQHandler
                0x08003fd4                DMA1_Channel6_IRQHandler
                0x08003fd4                TIM3_IRQHandler
                0x08003fd4                RCC_IRQHandler
                0x08003fd4                TIM1_TRG_COM_IRQHandler
                0x08003fd4                DMA1_Channel1_IRQHandler
                0x08003fd4                Default_Handler
                0x08003fd4                EXTI15_10_IRQHandler
                0x08003fd4                EXTI9_5_IRQHandler
                0x08003fd4                SPI2_IRQHandler
                0x08003fd4                DMA1_Channel5_IRQHandler
                0x08003fd4                EXTI4_IRQHandler
                0x08003fd4                USB_LP_CAN1_RX0_IRQHandler
                0x08003fd4                USB_HP_CAN1_TX_IRQHandler
                0x08003fd4                DMA1_Channel3_IRQHandler
                0x08003fd4                TIM1_UP_IRQHandler
                0x08003fd4                TIM2_IRQHandler
                0x08003fd4                TIM1_BRK_IRQHandler
                0x08003fd4                EXTI1_IRQHandler
                0x08003fd4                RTCAlarm_IRQHandler
                0x08003fd4                USART2_IRQHandler
                0x08003fd4                I2C2_ER_IRQHandler
                0x08003fd4                DMA1_Channel2_IRQHandler
                0x08003fd4                CAN1_SCE_IRQHandler
                0x08003fd4                FLASH_IRQHandler
                0x08003fd4                I2C1_ER_IRQHandler
                0x08003fd4                USBWakeUp_IRQHandler
 .text.NMI_Handler
                0x08003fd6        0x2 src\stm32f1xx_it.o
                0x08003fd6                NMI_Handler
 .text.HardFault_Handler
                0x08003fd8        0x2 src\stm32f1xx_it.o
                0x08003fd8                HardFault_Handler
 .text.MemManage_Handler
                0x08003fda        0x2 src\stm32f1xx_it.o
                0x08003fda                MemManage_Handler
 .text.BusFault_Handler
                0x08003fdc        0x2 src\stm32f1xx_it.o
                0x08003fdc                BusFault_Handler
 .text.UsageFault_Handler
                0x08003fde        0x2 src\stm32f1xx_it.o
                0x08003fde                UsageFault_Handler
 .text.SVC_Handler
                0x08003fe0        0x2 src\stm32f1xx_it.o
                0x08003fe0                SVC_Handler
 .text.DebugMon_Handler
                0x08003fe2        0x2 src\stm32f1xx_it.o
                0x08003fe2                DebugMon_Handler
 .text.PendSV_Handler
                0x08003fe4        0x2 src\stm32f1xx_it.o
                0x08003fe4                PendSV_Handler
 .text.SysTick_Handler
                0x08003fe6        0x4 src\stm32f1xx_it.o
                0x08003fe6                SysTick_Handler
 *fill*         0x08003fea        0x2 
 .text._write   0x08003fec       0x10 src\stmutils.o
                0x08003fec                _write
 .text.SystemInit
                0x08003ffc       0xf0 src\system_stm32f10x.o
                0x08003ffc                SystemInit
 .text.SystemCoreClockUpdate
                0x080040ec       0x5c src\system_stm32f10x.o
                0x080040ec                SystemCoreClockUpdate
 .text.generic_usart_handler
                0x08004148       0x98 src\uart_drv.o
 .text.uart_init
                0x080041e0      0x154 src\uart_drv.o
                0x080041e0                uart_init
 .text.uart_write_byte
                0x08004334       0x62 src\uart_drv.o
                0x08004334                uart_write_byte
 .text.uart_write
                0x08004396       0x28 src\uart_drv.o
                0x08004396                uart_write
 .text.uart_read_byte
                0x080043be       0x28 src\uart_drv.o
                0x080043be                uart_read_byte
 .text.uart_timed_read_byte
                0x080043e6       0x26 src\uart_drv.o
                0x080043e6                uart_timed_read_byte
 .text.uart_read
                0x0800440c       0x2a src\uart_drv.o
                0x0800440c                uart_read
 .text.uart_avail
                0x08004436        0xa src\uart_drv.o
                0x08004436                uart_avail
 .text.USART1_IRQHandler
                0x08004440        0xc src\uart_drv.o
                0x08004440                USART1_IRQHandler
 .text.USART3_IRQHandler
                0x0800444c        0xc src\uart_drv.o
                0x0800444c                USART3_IRQHandler
 .text.__libc_init_array
                0x08004458       0x48 c:/program files (x86)/atollic/truestudio for stm32 9.3.0/armtools/bin/../lib/gcc/arm-atollic-eabi/6.3.1/../../../../arm-atollic-eabi/lib/armv7-m\libc.a(lib_a-init.o)
                0x08004458                __libc_init_array
 .text.__locale_mb_cur_max
                0x080044a0       0x1c c:/program files (x86)/atollic/truestudio for stm32 9.3.0/armtools/bin/../lib/gcc/arm-atollic-eabi/6.3.1/../../../../arm-atollic-eabi/lib/armv7-m\libc.a(lib_a-locale.o)
                0x080044a0                __locale_mb_cur_max
 .text.__locale_ctype_ptr
                0x080044bc       0x1c c:/program files (x86)/atollic/truestudio for stm32 9.3.0/armtools/bin/../lib/gcc/arm-atollic-eabi/6.3.1/../../../../arm-atollic-eabi/lib/armv7-m\libc.a(lib_a-locale.o)
                0x080044bc                __locale_ctype_ptr
 .text.__ascii_mbtowc
                0x080044d8       0x24 c:/program files (x86)/atollic/truestudio for stm32 9.3.0/armtools/bin/../lib/gcc/arm-atollic-eabi/6.3.1/../../../../arm-atollic-eabi/lib/armv7-m\libc.a(lib_a-mbtowc_r.o)
                0x080044d8                __ascii_mbtowc
 .text.memcpy   0x080044fc       0x16 c:/program files (x86)/atollic/truestudio for stm32 9.3.0/armtools/bin/../lib/gcc/arm-atollic-eabi/6.3.1/../../../../arm-atollic-eabi/lib/armv7-m\libc.a(lib_a-memcpy-stub.o)
                0x080044fc                memcpy
 .text.memset   0x08004512       0x10 c:/program files (x86)/atollic/truestudio for stm32 9.3.0/armtools/bin/../lib/gcc/arm-atollic-eabi/6.3.1/../../../../arm-atollic-eabi/lib/armv7-m\libc.a(lib_a-memset.o)
                0x08004512                memset
 *fill*         0x08004522        0x2 
 .text.printf   0x08004524       0x30 c:/program files (x86)/atollic/truestudio for stm32 9.3.0/armtools/bin/../lib/gcc/arm-atollic-eabi/6.3.1/../../../../arm-atollic-eabi/lib/armv7-m\libc.a(lib_a-printf.o)
                0x08004524                printf
 .text._puts_r  0x08004554       0xc0 c:/program files (x86)/atollic/truestudio for stm32 9.3.0/armtools/bin/../lib/gcc/arm-atollic-eabi/6.3.1/../../../../arm-atollic-eabi/lib/armv7-m\libc.a(lib_a-puts.o)
                0x08004554                _puts_r
 .text.puts     0x08004614       0x10 c:/program files (x86)/atollic/truestudio for stm32 9.3.0/armtools/bin/../lib/gcc/arm-atollic-eabi/6.3.1/../../../../arm-atollic-eabi/lib/armv7-m\libc.a(lib_a-puts.o)
                0x08004614                puts
 .text.sprintf  0x08004624       0x48 c:/program files (x86)/atollic/truestudio for stm32 9.3.0/armtools/bin/../lib/gcc/arm-atollic-eabi/6.3.1/../../../../arm-atollic-eabi/lib/armv7-m\libc.a(lib_a-sprintf.o)
                0x08004624                sprintf
 .text.strcat   0x0800466c       0x1e c:/program files (x86)/atollic/truestudio for stm32 9.3.0/armtools/bin/../lib/gcc/arm-atollic-eabi/6.3.1/../../../../arm-atollic-eabi/lib/armv7-m\libc.a(lib_a-strcat.o)
                0x0800466c                strcat
 .text.strcpy   0x0800468a       0x10 c:/program files (x86)/atollic/truestudio for stm32 9.3.0/armtools/bin/../lib/gcc/arm-atollic-eabi/6.3.1/../../../../arm-atollic-eabi/lib/armv7-m\libc.a(lib_a-strcpy.o)
                0x0800468a                strcpy
 .text.strstr   0x0800469a       0x36 c:/program files (x86)/atollic/truestudio for stm32 9.3.0/armtools/bin/../lib/gcc/arm-atollic-eabi/6.3.1/../../../../arm-atollic-eabi/lib/armv7-m\libc.a(lib_a-strstr.o)
                0x0800469a                strstr
 .text._svfprintf_r
                0x080046d0      0xfa0 c:/program files (x86)/atollic/truestudio for stm32 9.3.0/armtools/bin/../lib/gcc/arm-atollic-eabi/6.3.1/../../../../arm-atollic-eabi/lib/armv7-m\libc.a(lib_a-svfprintf.o)
                0x080046d0                _svfprintf_r
 .text._vfprintf_r
                0x08005670     0x106c c:/program files (x86)/atollic/truestudio for stm32 9.3.0/armtools/bin/../lib/gcc/arm-atollic-eabi/6.3.1/../../../../arm-atollic-eabi/lib/armv7-m\libc.a(lib_a-vfprintf.o)
                0x08005670                _vfprintf_r
 .text.__sbprintf
                0x080066dc       0x80 c:/program files (x86)/atollic/truestudio for stm32 9.3.0/armtools/bin/../lib/gcc/arm-atollic-eabi/6.3.1/../../../../arm-atollic-eabi/lib/armv7-m\libc.a(lib_a-vfprintf.o)
 .text.__ascii_wctomb
                0x0800675c       0x1a c:/program files (x86)/atollic/truestudio for stm32 9.3.0/armtools/bin/../lib/gcc/arm-atollic-eabi/6.3.1/../../../../arm-atollic-eabi/lib/armv7-m\libc.a(lib_a-wctomb_r.o)
                0x0800675c                __ascii_wctomb
 *fill*         0x08006776        0x2 
 .text.__swsetup_r
                0x08006778       0xdc c:/program files (x86)/atollic/truestudio for stm32 9.3.0/armtools/bin/../lib/gcc/arm-atollic-eabi/6.3.1/../../../../arm-atollic-eabi/lib/armv7-m\libc.a(lib_a-wsetup.o)
                0x08006778                __swsetup_r
 .text.quorem   0x08006854      0x118 c:/program files (x86)/atollic/truestudio for stm32 9.3.0/armtools/bin/../lib/gcc/arm-atollic-eabi/6.3.1/../../../../arm-atollic-eabi/lib/armv7-m\libc.a(lib_a-dtoa.o)
 *fill*         0x0800696c        0x4 
 .text._dtoa_r  0x08006970      0xba8 c:/program files (x86)/atollic/truestudio for stm32 9.3.0/armtools/bin/../lib/gcc/arm-atollic-eabi/6.3.1/../../../../arm-atollic-eabi/lib/armv7-m\libc.a(lib_a-dtoa.o)
                0x08006970                _dtoa_r
 .text.__sflush_r
                0x08007518      0x124 c:/program files (x86)/atollic/truestudio for stm32 9.3.0/armtools/bin/../lib/gcc/arm-atollic-eabi/6.3.1/../../../../arm-atollic-eabi/lib/armv7-m\libc.a(lib_a-fflush.o)
                0x08007518                __sflush_r
 .text._fflush_r
                0x0800763c       0x78 c:/program files (x86)/atollic/truestudio for stm32 9.3.0/armtools/bin/../lib/gcc/arm-atollic-eabi/6.3.1/../../../../arm-atollic-eabi/lib/armv7-m\libc.a(lib_a-fflush.o)
                0x0800763c                _fflush_r
 .text._cleanup_r
                0x080076b4        0xc c:/program files (x86)/atollic/truestudio for stm32 9.3.0/armtools/bin/../lib/gcc/arm-atollic-eabi/6.3.1/../../../../arm-atollic-eabi/lib/armv7-m\libc.a(lib_a-findfp.o)
                0x080076b4                _cleanup_r
 .text.std.isra.0
                0x080076c0       0x48 c:/program files (x86)/atollic/truestudio for stm32 9.3.0/armtools/bin/../lib/gcc/arm-atollic-eabi/6.3.1/../../../../arm-atollic-eabi/lib/armv7-m\libc.a(lib_a-findfp.o)
 .text.__sfmoreglue
                0x08007708       0x2c c:/program files (x86)/atollic/truestudio for stm32 9.3.0/armtools/bin/../lib/gcc/arm-atollic-eabi/6.3.1/../../../../arm-atollic-eabi/lib/armv7-m\libc.a(lib_a-findfp.o)
                0x08007708                __sfmoreglue
 .text.__sfp_lock_acquire
                0x08007734        0xc c:/program files (x86)/atollic/truestudio for stm32 9.3.0/armtools/bin/../lib/gcc/arm-atollic-eabi/6.3.1/../../../../arm-atollic-eabi/lib/armv7-m\libc.a(lib_a-findfp.o)
                0x08007734                __sfp_lock_acquire
 .text.__sfp_lock_release
                0x08007740        0xc c:/program files (x86)/atollic/truestudio for stm32 9.3.0/armtools/bin/../lib/gcc/arm-atollic-eabi/6.3.1/../../../../arm-atollic-eabi/lib/armv7-m\libc.a(lib_a-findfp.o)
                0x08007740                __sfp_lock_release
 .text.__sinit_lock_acquire
                0x0800774c        0xc c:/program files (x86)/atollic/truestudio for stm32 9.3.0/armtools/bin/../lib/gcc/arm-atollic-eabi/6.3.1/../../../../arm-atollic-eabi/lib/armv7-m\libc.a(lib_a-findfp.o)
                0x0800774c                __sinit_lock_acquire
 .text.__sinit_lock_release
                0x08007758        0xc c:/program files (x86)/atollic/truestudio for stm32 9.3.0/armtools/bin/../lib/gcc/arm-atollic-eabi/6.3.1/../../../../arm-atollic-eabi/lib/armv7-m\libc.a(lib_a-findfp.o)
                0x08007758                __sinit_lock_release
 .text.__sinit  0x08007764       0x78 c:/program files (x86)/atollic/truestudio for stm32 9.3.0/armtools/bin/../lib/gcc/arm-atollic-eabi/6.3.1/../../../../arm-atollic-eabi/lib/armv7-m\libc.a(lib_a-findfp.o)
                0x08007764                __sinit
 .text.__sfp    0x080077dc       0x8c c:/program files (x86)/atollic/truestudio for stm32 9.3.0/armtools/bin/../lib/gcc/arm-atollic-eabi/6.3.1/../../../../arm-atollic-eabi/lib/armv7-m\libc.a(lib_a-findfp.o)
                0x080077dc                __sfp
 .text._malloc_trim_r
                0x08007868       0xac c:/program files (x86)/atollic/truestudio for stm32 9.3.0/armtools/bin/../lib/gcc/arm-atollic-eabi/6.3.1/../../../../arm-atollic-eabi/lib/armv7-m\libc.a(lib_a-freer.o)
                0x08007868                _malloc_trim_r
 .text._free_r  0x08007914      0x178 c:/program files (x86)/atollic/truestudio for stm32 9.3.0/armtools/bin/../lib/gcc/arm-atollic-eabi/6.3.1/../../../../arm-atollic-eabi/lib/armv7-m\libc.a(lib_a-freer.o)
                0x08007914                _free_r
 .text.__sfvwrite_r
                0x08007a8c      0x29c c:/program files (x86)/atollic/truestudio for stm32 9.3.0/armtools/bin/../lib/gcc/arm-atollic-eabi/6.3.1/../../../../arm-atollic-eabi/lib/armv7-m\libc.a(lib_a-fvwrite.o)
                0x08007a8c                __sfvwrite_r
 .text._fwalk_reent
                0x08007d28       0x3c c:/program files (x86)/atollic/truestudio for stm32 9.3.0/armtools/bin/../lib/gcc/arm-atollic-eabi/6.3.1/../../../../arm-atollic-eabi/lib/armv7-m\libc.a(lib_a-fwalk.o)
                0x08007d28                _fwalk_reent
 .text._localeconv_r
                0x08007d64       0x1c c:/program files (x86)/atollic/truestudio for stm32 9.3.0/armtools/bin/../lib/gcc/arm-atollic-eabi/6.3.1/../../../../arm-atollic-eabi/lib/armv7-m\libc.a(lib_a-localeconv.o)
                0x08007d64                _localeconv_r
 .text.__retarget_lock_init_recursive
                0x08007d80        0x2 c:/program files (x86)/atollic/truestudio for stm32 9.3.0/armtools/bin/../lib/gcc/arm-atollic-eabi/6.3.1/../../../../arm-atollic-eabi/lib/armv7-m\libc.a(lib_a-lock.o)
                0x08007d80                __retarget_lock_init_recursive
 .text.__retarget_lock_close_recursive
                0x08007d82        0x2 c:/program files (x86)/atollic/truestudio for stm32 9.3.0/armtools/bin/../lib/gcc/arm-atollic-eabi/6.3.1/../../../../arm-atollic-eabi/lib/armv7-m\libc.a(lib_a-lock.o)
                0x08007d82                __retarget_lock_close_recursive
 .text.__retarget_lock_acquire_recursive
                0x08007d84        0x2 c:/program files (x86)/atollic/truestudio for stm32 9.3.0/armtools/bin/../lib/gcc/arm-atollic-eabi/6.3.1/../../../../arm-atollic-eabi/lib/armv7-m\libc.a(lib_a-lock.o)
                0x08007d84                __retarget_lock_acquire_recursive
 .text.__retarget_lock_release_recursive
                0x08007d86        0x2 c:/program files (x86)/atollic/truestudio for stm32 9.3.0/armtools/bin/../lib/gcc/arm-atollic-eabi/6.3.1/../../../../arm-atollic-eabi/lib/armv7-m\libc.a(lib_a-lock.o)
                0x08007d86                __retarget_lock_release_recursive
 .text.__swhatbuf_r
                0x08007d88       0x56 c:/program files (x86)/atollic/truestudio for stm32 9.3.0/armtools/bin/../lib/gcc/arm-atollic-eabi/6.3.1/../../../../arm-atollic-eabi/lib/armv7-m\libc.a(lib_a-makebuf.o)
                0x08007d88                __swhatbuf_r
 *fill*         0x08007dde        0x2 
 .text.__smakebuf_r
                0x08007de0       0x80 c:/program files (x86)/atollic/truestudio for stm32 9.3.0/armtools/bin/../lib/gcc/arm-atollic-eabi/6.3.1/../../../../arm-atollic-eabi/lib/armv7-m\libc.a(lib_a-makebuf.o)
                0x08007de0                __smakebuf_r
 .text.malloc   0x08007e60       0x10 c:/program files (x86)/atollic/truestudio for stm32 9.3.0/armtools/bin/../lib/gcc/arm-atollic-eabi/6.3.1/../../../../arm-atollic-eabi/lib/armv7-m\libc.a(lib_a-malloc.o)
                0x08007e60                malloc
 .text._malloc_r
                0x08007e70      0x418 c:/program files (x86)/atollic/truestudio for stm32 9.3.0/armtools/bin/../lib/gcc/arm-atollic-eabi/6.3.1/../../../../arm-atollic-eabi/lib/armv7-m\libc.a(lib_a-mallocr.o)
                0x08007e70                _malloc_r
 .text.memchr   0x08008288       0x1c c:/program files (x86)/atollic/truestudio for stm32 9.3.0/armtools/bin/../lib/gcc/arm-atollic-eabi/6.3.1/../../../../arm-atollic-eabi/lib/armv7-m\libc.a(lib_a-memchr-stub.o)
                0x08008288                memchr
 .text.memmove  0x080082a4       0x34 c:/program files (x86)/atollic/truestudio for stm32 9.3.0/armtools/bin/../lib/gcc/arm-atollic-eabi/6.3.1/../../../../arm-atollic-eabi/lib/armv7-m\libc.a(lib_a-memmove.o)
                0x080082a4                memmove
 .text.__malloc_lock
                0x080082d8        0xc c:/program files (x86)/atollic/truestudio for stm32 9.3.0/armtools/bin/../lib/gcc/arm-atollic-eabi/6.3.1/../../../../arm-atollic-eabi/lib/armv7-m\libc.a(lib_a-mlock.o)
                0x080082d8                __malloc_lock
 .text.__malloc_unlock
                0x080082e4        0xc c:/program files (x86)/atollic/truestudio for stm32 9.3.0/armtools/bin/../lib/gcc/arm-atollic-eabi/6.3.1/../../../../arm-atollic-eabi/lib/armv7-m\libc.a(lib_a-mlock.o)
                0x080082e4                __malloc_unlock
 .text._Balloc  0x080082f0       0x68 c:/program files (x86)/atollic/truestudio for stm32 9.3.0/armtools/bin/../lib/gcc/arm-atollic-eabi/6.3.1/../../../../arm-atollic-eabi/lib/armv7-m\libc.a(lib_a-mprec.o)
                0x080082f0                _Balloc
 .text._Bfree   0x08008358       0x2e c:/program files (x86)/atollic/truestudio for stm32 9.3.0/armtools/bin/../lib/gcc/arm-atollic-eabi/6.3.1/../../../../arm-atollic-eabi/lib/armv7-m\libc.a(lib_a-mprec.o)
                0x08008358                _Bfree
 .text.__multadd
                0x08008386       0x76 c:/program files (x86)/atollic/truestudio for stm32 9.3.0/armtools/bin/../lib/gcc/arm-atollic-eabi/6.3.1/../../../../arm-atollic-eabi/lib/armv7-m\libc.a(lib_a-mprec.o)
                0x08008386                __multadd
 .text.__hi0bits
                0x080083fc       0x3e c:/program files (x86)/atollic/truestudio for stm32 9.3.0/armtools/bin/../lib/gcc/arm-atollic-eabi/6.3.1/../../../../arm-atollic-eabi/lib/armv7-m\libc.a(lib_a-mprec.o)
                0x080083fc                __hi0bits
 .text.__lo0bits
                0x0800843a       0x5e c:/program files (x86)/atollic/truestudio for stm32 9.3.0/armtools/bin/../lib/gcc/arm-atollic-eabi/6.3.1/../../../../arm-atollic-eabi/lib/armv7-m\libc.a(lib_a-mprec.o)
                0x0800843a                __lo0bits
 .text.__i2b    0x08008498       0x12 c:/program files (x86)/atollic/truestudio for stm32 9.3.0/armtools/bin/../lib/gcc/arm-atollic-eabi/6.3.1/../../../../arm-atollic-eabi/lib/armv7-m\libc.a(lib_a-mprec.o)
                0x08008498                __i2b
 .text.__multiply
                0x080084aa      0x118 c:/program files (x86)/atollic/truestudio for stm32 9.3.0/armtools/bin/../lib/gcc/arm-atollic-eabi/6.3.1/../../../../arm-atollic-eabi/lib/armv7-m\libc.a(lib_a-mprec.o)
                0x080084aa                __multiply
 *fill*         0x080085c2        0x2 
 .text.__pow5mult
                0x080085c4       0x9c c:/program files (x86)/atollic/truestudio for stm32 9.3.0/armtools/bin/../lib/gcc/arm-atollic-eabi/6.3.1/../../../../arm-atollic-eabi/lib/armv7-m\libc.a(lib_a-mprec.o)
                0x080085c4                __pow5mult
 .text.__lshift
                0x08008660       0xa2 c:/program files (x86)/atollic/truestudio for stm32 9.3.0/armtools/bin/../lib/gcc/arm-atollic-eabi/6.3.1/../../../../arm-atollic-eabi/lib/armv7-m\libc.a(lib_a-mprec.o)
                0x08008660                __lshift
 .text.__mcmp   0x08008702       0x34 c:/program files (x86)/atollic/truestudio for stm32 9.3.0/armtools/bin/../lib/gcc/arm-atollic-eabi/6.3.1/../../../../arm-atollic-eabi/lib/armv7-m\libc.a(lib_a-mprec.o)
                0x08008702                __mcmp
 .text.__mdiff  0x08008736       0xbe c:/program files (x86)/atollic/truestudio for stm32 9.3.0/armtools/bin/../lib/gcc/arm-atollic-eabi/6.3.1/../../../../arm-atollic-eabi/lib/armv7-m\libc.a(lib_a-mprec.o)
                0x08008736                __mdiff
 .text.__d2b    0x080087f4       0x9e c:/program files (x86)/atollic/truestudio for stm32 9.3.0/armtools/bin/../lib/gcc/arm-atollic-eabi/6.3.1/../../../../arm-atollic-eabi/lib/armv7-m\libc.a(lib_a-mprec.o)
                0x080087f4                __d2b
 *fill*         0x08008892        0x2 
 .text._realloc_r
                0x08008894      0x304 c:/program files (x86)/atollic/truestudio for stm32 9.3.0/armtools/bin/../lib/gcc/arm-atollic-eabi/6.3.1/../../../../arm-atollic-eabi/lib/armv7-m\libc.a(lib_a-reallocr.o)
                0x08008894                _realloc_r
 .text._sbrk_r  0x08008b98       0x20 c:/program files (x86)/atollic/truestudio for stm32 9.3.0/armtools/bin/../lib/gcc/arm-atollic-eabi/6.3.1/../../../../arm-atollic-eabi/lib/armv7-m\libc.a(lib_a-sbrkr.o)
                0x08008b98                _sbrk_r
 .text.__sread  0x08008bb8       0x22 c:/program files (x86)/atollic/truestudio for stm32 9.3.0/armtools/bin/../lib/gcc/arm-atollic-eabi/6.3.1/../../../../arm-atollic-eabi/lib/armv7-m\libc.a(lib_a-stdio.o)
                0x08008bb8                __sread
 .text.__swrite
                0x08008bda       0x38 c:/program files (x86)/atollic/truestudio for stm32 9.3.0/armtools/bin/../lib/gcc/arm-atollic-eabi/6.3.1/../../../../arm-atollic-eabi/lib/armv7-m\libc.a(lib_a-stdio.o)
                0x08008bda                __swrite
 .text.__sseek  0x08008c12       0x24 c:/program files (x86)/atollic/truestudio for stm32 9.3.0/armtools/bin/../lib/gcc/arm-atollic-eabi/6.3.1/../../../../arm-atollic-eabi/lib/armv7-m\libc.a(lib_a-stdio.o)
                0x08008c12                __sseek
 .text.__sclose
                0x08008c36        0x8 c:/program files (x86)/atollic/truestudio for stm32 9.3.0/armtools/bin/../lib/gcc/arm-atollic-eabi/6.3.1/../../../../arm-atollic-eabi/lib/armv7-m\libc.a(lib_a-stdio.o)
                0x08008c36                __sclose
 .text.__ssprint_r
                0x08008c3e       0xf4 c:/program files (x86)/atollic/truestudio for stm32 9.3.0/armtools/bin/../lib/gcc/arm-atollic-eabi/6.3.1/../../../../arm-atollic-eabi/lib/armv7-m\libc.a(lib_a-svfiprintf.o)
                0x08008c3e                __ssprint_r
 .text.__sprint_r
                0x08008d32       0x6a c:/program files (x86)/atollic/truestudio for stm32 9.3.0/armtools/bin/../lib/gcc/arm-atollic-eabi/6.3.1/../../../../arm-atollic-eabi/lib/armv7-m\libc.a(lib_a-vfiprintf.o)
                0x08008d32                __sprint_r
 .text._write_r
                0x08008d9c       0x24 c:/program files (x86)/atollic/truestudio for stm32 9.3.0/armtools/bin/../lib/gcc/arm-atollic-eabi/6.3.1/../../../../arm-atollic-eabi/lib/armv7-m\libc.a(lib_a-writer.o)
                0x08008d9c                _write_r
 .text._calloc_r
                0x08008dc0       0x5a c:/program files (x86)/atollic/truestudio for stm32 9.3.0/armtools/bin/../lib/gcc/arm-atollic-eabi/6.3.1/../../../../arm-atollic-eabi/lib/armv7-m\libc.a(lib_a-callocr.o)
                0x08008dc0                _calloc_r
 *fill*         0x08008e1a        0x2 
 .text._close_r
                0x08008e1c       0x20 c:/program files (x86)/atollic/truestudio for stm32 9.3.0/armtools/bin/../lib/gcc/arm-atollic-eabi/6.3.1/../../../../arm-atollic-eabi/lib/armv7-m\libc.a(lib_a-closer.o)
                0x08008e1c                _close_r
 .text._fclose_r
                0x08008e3c       0xd8 c:/program files (x86)/atollic/truestudio for stm32 9.3.0/armtools/bin/../lib/gcc/arm-atollic-eabi/6.3.1/../../../../arm-atollic-eabi/lib/armv7-m\libc.a(lib_a-fclose.o)
                0x08008e3c                _fclose_r
 .text.__fputwc
                0x08008f14       0x82 c:/program files (x86)/atollic/truestudio for stm32 9.3.0/armtools/bin/../lib/gcc/arm-atollic-eabi/6.3.1/../../../../arm-atollic-eabi/lib/armv7-m\libc.a(lib_a-fputwc.o)
                0x08008f14                __fputwc
 .text._fputwc_r
                0x08008f96       0x52 c:/program files (x86)/atollic/truestudio for stm32 9.3.0/armtools/bin/../lib/gcc/arm-atollic-eabi/6.3.1/../../../../arm-atollic-eabi/lib/armv7-m\libc.a(lib_a-fputwc.o)
                0x08008f96                _fputwc_r
 .text._fstat_r
                0x08008fe8       0x24 c:/program files (x86)/atollic/truestudio for stm32 9.3.0/armtools/bin/../lib/gcc/arm-atollic-eabi/6.3.1/../../../../arm-atollic-eabi/lib/armv7-m\libc.a(lib_a-fstatr.o)
                0x08008fe8                _fstat_r
 .text._isatty_r
                0x0800900c       0x20 c:/program files (x86)/atollic/truestudio for stm32 9.3.0/armtools/bin/../lib/gcc/arm-atollic-eabi/6.3.1/../../../../arm-atollic-eabi/lib/armv7-m\libc.a(lib_a-isattyr.o)
                0x0800900c                _isatty_r
 .text._lseek_r
                0x0800902c       0x24 c:/program files (x86)/atollic/truestudio for stm32 9.3.0/armtools/bin/../lib/gcc/arm-atollic-eabi/6.3.1/../../../../arm-atollic-eabi/lib/armv7-m\libc.a(lib_a-lseekr.o)
                0x0800902c                _lseek_r
 .text._read_r  0x08009050       0x24 c:/program files (x86)/atollic/truestudio for stm32 9.3.0/armtools/bin/../lib/gcc/arm-atollic-eabi/6.3.1/../../../../arm-atollic-eabi/lib/armv7-m\libc.a(lib_a-readr.o)
                0x08009050                _read_r
 .text.__swbuf_r
                0x08009074       0xbc c:/program files (x86)/atollic/truestudio for stm32 9.3.0/armtools/bin/../lib/gcc/arm-atollic-eabi/6.3.1/../../../../arm-atollic-eabi/lib/armv7-m\libc.a(lib_a-wbuf.o)
                0x08009074                __swbuf_r
 .text._wcrtomb_r
                0x08009130       0x50 c:/program files (x86)/atollic/truestudio for stm32 9.3.0/armtools/bin/../lib/gcc/arm-atollic-eabi/6.3.1/../../../../arm-atollic-eabi/lib/armv7-m\libc.a(lib_a-wcrtomb.o)
                0x08009130                _wcrtomb_r
 .text._close   0x08009180       0x10 c:/program files (x86)/atollic/truestudio for stm32 9.3.0/armtools/bin/../lib/gcc/arm-atollic-eabi/6.3.1/../../../../arm-atollic-eabi/lib/armv7-m\libnosys.a(close.o)
                0x08009180                _close
 .text._fstat   0x08009190       0x10 c:/program files (x86)/atollic/truestudio for stm32 9.3.0/armtools/bin/../lib/gcc/arm-atollic-eabi/6.3.1/../../../../arm-atollic-eabi/lib/armv7-m\libnosys.a(fstat.o)
                0x08009190                _fstat
 .text._isatty  0x080091a0       0x10 c:/program files (x86)/atollic/truestudio for stm32 9.3.0/armtools/bin/../lib/gcc/arm-atollic-eabi/6.3.1/../../../../arm-atollic-eabi/lib/armv7-m\libnosys.a(isatty.o)
                0x080091a0                _isatty
 .text._lseek   0x080091b0       0x10 c:/program files (x86)/atollic/truestudio for stm32 9.3.0/armtools/bin/../lib/gcc/arm-atollic-eabi/6.3.1/../../../../arm-atollic-eabi/lib/armv7-m\libnosys.a(lseek.o)
                0x080091b0                _lseek
 .text._read    0x080091c0       0x10 c:/program files (x86)/atollic/truestudio for stm32 9.3.0/armtools/bin/../lib/gcc/arm-atollic-eabi/6.3.1/../../../../arm-atollic-eabi/lib/armv7-m\libnosys.a(read.o)
                0x080091c0                _read
 .text._sbrk    0x080091d0       0x1c c:/program files (x86)/atollic/truestudio for stm32 9.3.0/armtools/bin/../lib/gcc/arm-atollic-eabi/6.3.1/../../../../arm-atollic-eabi/lib/armv7-m\libnosys.a(sbrk.o)
                0x080091d0                _sbrk
 *(.glue_7)
 .glue_7        0x080091ec        0x0 linker stubs
 *(.glue_7t)
 .glue_7t       0x080091ec        0x0 linker stubs
 *(.eh_frame)
 .eh_frame      0x080091ec        0x0 c:/program files (x86)/atollic/truestudio for stm32 9.3.0/armtools/bin/../lib/gcc/arm-atollic-eabi/6.3.1/armv7-m/crtbegin.o
 *(.init)
 .init          0x080091ec        0x4 c:/program files (x86)/atollic/truestudio for stm32 9.3.0/armtools/bin/../lib/gcc/arm-atollic-eabi/6.3.1/armv7-m/crti.o
                0x080091ec                _init
 .init          0x080091f0        0x8 c:/program files (x86)/atollic/truestudio for stm32 9.3.0/armtools/bin/../lib/gcc/arm-atollic-eabi/6.3.1/armv7-m/crtn.o
 *(.fini)
 .fini          0x080091f8        0x4 c:/program files (x86)/atollic/truestudio for stm32 9.3.0/armtools/bin/../lib/gcc/arm-atollic-eabi/6.3.1/armv7-m/crti.o
                0x080091f8                _fini
 .fini          0x080091fc        0x8 c:/program files (x86)/atollic/truestudio for stm32 9.3.0/armtools/bin/../lib/gcc/arm-atollic-eabi/6.3.1/armv7-m/crtn.o
                0x08009204                . = ALIGN (0x4)
                0x08009204                _etext = .

.vfp11_veneer   0x08009204        0x0
 .vfp11_veneer  0x08009204        0x0 linker stubs

.v4_bx          0x08009204        0x0
 .v4_bx         0x08009204        0x0 linker stubs

.iplt           0x08009204        0x0
 .iplt          0x08009204        0x0 c:/program files (x86)/atollic/truestudio for stm32 9.3.0/armtools/bin/../lib/gcc/arm-atollic-eabi/6.3.1/armv7-m/crtbegin.o

.rodata         0x08009208      0xb24
                0x08009208                . = ALIGN (0x4)
 *(.rodata)
 *(.rodata*)
 .rodata.fpm_packet_lengths
                0x08009208        0x8 src\fpm.o
                0x08009208                fpm_packet_lengths
 .rodata.fpm_read_params.str1.1
                0x08009210       0x21 src\fpm.o
 .rodata.fpm_read_raw.str1.1
                0x08009231       0x1a src\fpm.o
 .rodata.get_reply.str1.1
                0x0800924b       0x60 src\fpm.o
 .rodata.read_ack_get_response.constprop.1.str1.1
                0x080092ab       0x14 src\fpm.o
 *fill*         0x080092bf        0x1 
 .rodata.ADC_MUX_TABLE
                0x080092c0        0x8 src\main.o
                0x080092c0                ADC_MUX_TABLE
 .rodata.JOYSTICK_KEY_TABLE
                0x080092c8       0x14 src\main.o
                0x080092c8                JOYSTICK_KEY_TABLE
 .rodata.LCD_CMD_TABLE
                0x080092dc        0x7 src\main.o
                0x080092dc                LCD_CMD_TABLE
 .rodata.ROW_CMD_TABLE
                0x080092e3        0x4 src\main.o
                0x080092e3                ROW_CMD_TABLE
 .rodata.admin_login.str1.1
                0x080092e7       0x5b src\main.o
 .rodata.check_slots.str1.1
                0x08009342       0xbb src\main.o
                                 0xcb (size before relaxing)
 .rodata.defaultClockTable
                0x080093fd        0x8 src\main.o
                0x080093fd                defaultClockTable
 .rodata.delete_all_users.str1.1
                0x08009405       0x8d src\main.o
 .rodata.delete_user.str1.1
                0x08009492       0x8c src\main.o
 .rodata.display_clk.str1.1
                0x0800951e       0x32 src\main.o
 .rodata.display_normal_mode.str1.1
                0x08009550        0xf src\main.o
 .rodata.download_access_log.str1.1
                0x0800955f       0x57 src\main.o
 .rodata.download_templates.part.5.str1.1
                0x080095b6       0x1b src\main.o
 .rodata.enableFPM.str1.1
                0x080095d1       0x8c src\main.o
 .rodata.enroll_finger.str1.1
                0x0800965d       0xe0 src\main.o
                                 0xe6 (size before relaxing)
 .rodata.enroll_user.str1.1
                0x0800973d       0x53 src\main.o
 .rodata.format_clk.str1.1
                0x08009790       0x1b src\main.o
 .rodata.initHardware.str1.1
                0x080097ab       0x15 src\main.o
 .rodata.monthDays
                0x080097c0        0xd src\main.o
                0x080097c0                monthDays
 .rodata.popup_menu.str1.1
                0x080097cd       0x17 src\main.o
 .rodata.printWelcome.str1.1
                0x080097e4        0x9 src\main.o
 .rodata.read_template.str1.1
                0x080097ed       0x8b src\main.o
                                 0xbb (size before relaxing)
 .rodata.scan_log_to_eeprom_also_validate.str1.1
                0x08009878       0x3e src\main.o
 .rodata.search_user.str1.1
                0x080098b6       0x65 src\main.o
                                 0x71 (size before relaxing)
 .rodata.setup_time_date.str1.1
                0x0800991b       0x1d src\main.o
 .rodata.str1.1
                0x08009938       0xf4 src\main.o
 .rodata.upload_registration.str1.1
                0x08009a2c       0x16 src\main.o
 .rodata._setlocale_r.str1.1
                0x08009a42        0x8 c:/program files (x86)/atollic/truestudio for stm32 9.3.0/armtools/bin/../lib/gcc/arm-atollic-eabi/6.3.1/../../../../arm-atollic-eabi/lib/armv7-m\libc.a(lib_a-locale.o)
                                  0x9 (size before relaxing)
 .rodata.str1.1
                0x08009a4a        0x8 c:/program files (x86)/atollic/truestudio for stm32 9.3.0/armtools/bin/../lib/gcc/arm-atollic-eabi/6.3.1/../../../../arm-atollic-eabi/lib/armv7-m\libc.a(lib_a-locale.o)
                                  0x2 (size before relaxing)
 .rodata._puts_r.str1.1
                0x08009a4a        0x8 c:/program files (x86)/atollic/truestudio for stm32 9.3.0/armtools/bin/../lib/gcc/arm-atollic-eabi/6.3.1/../../../../arm-atollic-eabi/lib/armv7-m\libc.a(lib_a-puts.o)
                                  0x2 (size before relaxing)
 .rodata._svfprintf_r.str1.1
                0x08009a4a       0x34 c:/program files (x86)/atollic/truestudio for stm32 9.3.0/armtools/bin/../lib/gcc/arm-atollic-eabi/6.3.1/../../../../arm-atollic-eabi/lib/armv7-m\libc.a(lib_a-svfprintf.o)
 .rodata.blanks.7236
                0x08009a7e       0x10 c:/program files (x86)/atollic/truestudio for stm32 9.3.0/armtools/bin/../lib/gcc/arm-atollic-eabi/6.3.1/../../../../arm-atollic-eabi/lib/armv7-m\libc.a(lib_a-svfprintf.o)
 .rodata.zeroes.7237
                0x08009a8e       0x10 c:/program files (x86)/atollic/truestudio for stm32 9.3.0/armtools/bin/../lib/gcc/arm-atollic-eabi/6.3.1/../../../../arm-atollic-eabi/lib/armv7-m\libc.a(lib_a-svfprintf.o)
 .rodata._vfprintf_r.str1.1
                0x08009a9e       0x34 c:/program files (x86)/atollic/truestudio for stm32 9.3.0/armtools/bin/../lib/gcc/arm-atollic-eabi/6.3.1/../../../../arm-atollic-eabi/lib/armv7-m\libc.a(lib_a-vfprintf.o)
 .rodata.blanks.7251
                0x08009a9e       0x10 c:/program files (x86)/atollic/truestudio for stm32 9.3.0/armtools/bin/../lib/gcc/arm-atollic-eabi/6.3.1/../../../../arm-atollic-eabi/lib/armv7-m\libc.a(lib_a-vfprintf.o)
 .rodata.zeroes.7252
                0x08009aae       0x10 c:/program files (x86)/atollic/truestudio for stm32 9.3.0/armtools/bin/../lib/gcc/arm-atollic-eabi/6.3.1/../../../../arm-atollic-eabi/lib/armv7-m\libc.a(lib_a-vfprintf.o)
 .rodata._ctype_
                0x08009abe      0x101 c:/program files (x86)/atollic/truestudio for stm32 9.3.0/armtools/bin/../lib/gcc/arm-atollic-eabi/6.3.1/../../../../arm-atollic-eabi/lib/armv7-m\libc.a(lib_a-ctype_.o)
                0x08009abe                _ctype_
 .rodata._dtoa_r.str1.1
                0x08009bbf        0xd c:/program files (x86)/atollic/truestudio for stm32 9.3.0/armtools/bin/../lib/gcc/arm-atollic-eabi/6.3.1/../../../../arm-atollic-eabi/lib/armv7-m\libc.a(lib_a-dtoa.o)
                                  0xf (size before relaxing)
 .rodata.__sf_fake_stderr
                0x08009bcc       0x20 c:/program files (x86)/atollic/truestudio for stm32 9.3.0/armtools/bin/../lib/gcc/arm-atollic-eabi/6.3.1/../../../../arm-atollic-eabi/lib/armv7-m\libc.a(lib_a-findfp.o)
                0x08009bcc                __sf_fake_stderr
 .rodata.__sf_fake_stdin
                0x08009bec       0x20 c:/program files (x86)/atollic/truestudio for stm32 9.3.0/armtools/bin/../lib/gcc/arm-atollic-eabi/6.3.1/../../../../arm-atollic-eabi/lib/armv7-m\libc.a(lib_a-findfp.o)
                0x08009bec                __sf_fake_stdin
 .rodata.__sf_fake_stdout
                0x08009c0c       0x20 c:/program files (x86)/atollic/truestudio for stm32 9.3.0/armtools/bin/../lib/gcc/arm-atollic-eabi/6.3.1/../../../../arm-atollic-eabi/lib/armv7-m\libc.a(lib_a-findfp.o)
                0x08009c0c                __sf_fake_stdout
 .rodata._global_impure_ptr
                0x08009c2c        0x4 c:/program files (x86)/atollic/truestudio for stm32 9.3.0/armtools/bin/../lib/gcc/arm-atollic-eabi/6.3.1/../../../../arm-atollic-eabi/lib/armv7-m\libc.a(lib_a-impure.o)
                0x08009c2c                _global_impure_ptr
 .rodata.__mprec_bigtens
                0x08009c30       0x28 c:/program files (x86)/atollic/truestudio for stm32 9.3.0/armtools/bin/../lib/gcc/arm-atollic-eabi/6.3.1/../../../../arm-atollic-eabi/lib/armv7-m\libc.a(lib_a-mprec.o)
                0x08009c30                __mprec_bigtens
 .rodata.__mprec_tens
                0x08009c58       0xc8 c:/program files (x86)/atollic/truestudio for stm32 9.3.0/armtools/bin/../lib/gcc/arm-atollic-eabi/6.3.1/../../../../arm-atollic-eabi/lib/armv7-m\libc.a(lib_a-mprec.o)
                0x08009c58                __mprec_tens
 .rodata.p05.6073
                0x08009d20        0xc c:/program files (x86)/atollic/truestudio for stm32 9.3.0/armtools/bin/../lib/gcc/arm-atollic-eabi/6.3.1/../../../../arm-atollic-eabi/lib/armv7-m\libc.a(lib_a-mprec.o)
                0x08009d2c                . = ALIGN (0x4)

.ARM.extab
 *(.ARM.extab* .gnu.linkonce.armextab.*)

.ARM            0x08009d2c        0x8
                0x08009d2c                __exidx_start = .
 *(.ARM.exidx*)
 .ARM.exidx     0x08009d2c        0x8 c:/program files (x86)/atollic/truestudio for stm32 9.3.0/armtools/bin/../lib/gcc/arm-atollic-eabi/6.3.1/armv7-m\libgcc.a(_udivmoddi4.o)
                0x08009d34                __exidx_end = .

.rel.dyn        0x08009d34        0x0
 .rel.iplt      0x08009d34        0x0 c:/program files (x86)/atollic/truestudio for stm32 9.3.0/armtools/bin/../lib/gcc/arm-atollic-eabi/6.3.1/armv7-m/crtbegin.o

.preinit_array  0x08009d34        0x0
                0x08009d34                PROVIDE (__preinit_array_start, .)
 *(.preinit_array*)
                0x08009d34                PROVIDE (__preinit_array_end, .)

.init_array     0x08009d34        0x4
                0x08009d34                PROVIDE (__init_array_start, .)
 *(SORT(.init_array.*))
 *(.init_array*)
 .init_array    0x08009d34        0x4 c:/program files (x86)/atollic/truestudio for stm32 9.3.0/armtools/bin/../lib/gcc/arm-atollic-eabi/6.3.1/armv7-m/crtbegin.o
                0x08009d38                PROVIDE (__init_array_end, .)

.fini_array     0x08009d38        0x4
                [!provide]                PROVIDE (__fini_array_start, .)
 *(SORT(.fini_array.*))
 *(.fini_array*)
 .fini_array    0x08009d38        0x4 c:/program files (x86)/atollic/truestudio for stm32 9.3.0/armtools/bin/../lib/gcc/arm-atollic-eabi/6.3.1/armv7-m/crtbegin.o
                [!provide]                PROVIDE (__fini_array_end, .)
                0x08009d3c                _sidata = LOADADDR (.data)

.data           0x20000000      0xae0 load address 0x08009d3c
                0x20000000                . = ALIGN (0x4)
                0x20000000                _sdata = .
 *(.data)
 *(.data*)
 .data.ADCPrescTable
                0x20000000        0x4 Libraries\STM32F10x_StdPeriph_Driver\src\stm32f10x_rcc.o
 .data.APBAHBPrescTable
                0x20000004       0x10 Libraries\STM32F10x_StdPeriph_Driver\src\stm32f10x_rcc.o
 .data.i2cError
                0x20000014        0xc src\main.o
                0x20000014                i2cError
 .data.menu     0x20000020       0x1c src\main.o
                0x20000020                menu
 .data.uart1_dev
                0x2000003c      0x210 src\main.o
                0x2000003c                uart1_dev
 .data.uart3_dev
                0x2000024c      0x210 src\main.o
                0x2000024c                uart3_dev
 .data.AHBPrescTable
                0x2000045c       0x10 src\system_stm32f10x.o
                0x2000045c                AHBPrescTable
 .data.SystemCoreClock
                0x2000046c        0x4 src\system_stm32f10x.o
                0x2000046c                SystemCoreClock
 .data.__global_locale
                0x20000470      0x16c c:/program files (x86)/atollic/truestudio for stm32 9.3.0/armtools/bin/../lib/gcc/arm-atollic-eabi/6.3.1/../../../../arm-atollic-eabi/lib/armv7-m\libc.a(lib_a-locale.o)
                0x20000470                __global_locale
 .data._impure_ptr
                0x200005dc        0x4 c:/program files (x86)/atollic/truestudio for stm32 9.3.0/armtools/bin/../lib/gcc/arm-atollic-eabi/6.3.1/../../../../arm-atollic-eabi/lib/armv7-m\libc.a(lib_a-impure.o)
                0x200005dc                _impure_ptr
 .data.impure_data
                0x200005e0       0xf0 c:/program files (x86)/atollic/truestudio for stm32 9.3.0/armtools/bin/../lib/gcc/arm-atollic-eabi/6.3.1/../../../../arm-atollic-eabi/lib/armv7-m\libc.a(lib_a-impure.o)
 .data.__malloc_av_
                0x200006d0      0x408 c:/program files (x86)/atollic/truestudio for stm32 9.3.0/armtools/bin/../lib/gcc/arm-atollic-eabi/6.3.1/../../../../arm-atollic-eabi/lib/armv7-m\libc.a(lib_a-mallocr.o)
                0x200006d0                __malloc_av_
 .data.__malloc_sbrk_base
                0x20000ad8        0x4 c:/program files (x86)/atollic/truestudio for stm32 9.3.0/armtools/bin/../lib/gcc/arm-atollic-eabi/6.3.1/../../../../arm-atollic-eabi/lib/armv7-m\libc.a(lib_a-mallocr.o)
                0x20000ad8                __malloc_sbrk_base
 .data.__malloc_trim_threshold
                0x20000adc        0x4 c:/program files (x86)/atollic/truestudio for stm32 9.3.0/armtools/bin/../lib/gcc/arm-atollic-eabi/6.3.1/../../../../arm-atollic-eabi/lib/armv7-m\libc.a(lib_a-mallocr.o)
                0x20000adc                __malloc_trim_threshold
                0x20000ae0                . = ALIGN (0x4)
                0x20000ae0                _edata = .

.igot.plt       0x20000ae0        0x0 load address 0x0800a81c
 .igot.plt      0x20000ae0        0x0 c:/program files (x86)/atollic/truestudio for stm32 9.3.0/armtools/bin/../lib/gcc/arm-atollic-eabi/6.3.1/armv7-m/crtbegin.o
                0x20000ae0                . = ALIGN (0x4)

.bss            0x20000ae0      0x108 load address 0x0800a81c
                0x20000ae0                _sbss = .
                0x20000ae0                __bss_start__ = _sbss
 *(.bss)
 .bss           0x20000ae0       0x1c c:/program files (x86)/atollic/truestudio for stm32 9.3.0/armtools/bin/../lib/gcc/arm-atollic-eabi/6.3.1/armv7-m/crtbegin.o
 *(.bss*)
 .bss.millis_func
                0x20000afc        0x4 src\fpm.o
 .bss.curr_ms   0x20000b00        0x4 src\main.o
 .bss.min_tick  0x20000b04        0x2 src\main.o
 *fill*         0x20000b06        0x2 
 .bss.ms_cnt.10005
                0x20000b08        0x4 src\main.o
 .bss.secTick.9184
                0x20000b0c        0x2 src\main.o
 *fill*         0x20000b0e        0x2 
 .bss.sec_cnt.10006
                0x20000b10        0x4 src\main.o
 .bss.sys_run_tick.10007
                0x20000b14        0x4 src\main.o
 .bss.timeRefreshScreen
                0x20000b18        0x1 src\main.o
                0x20000b18                timeRefreshScreen
 *fill*         0x20000b19        0x3 
 .bss.__malloc_current_mallinfo
                0x20000b1c       0x28 c:/program files (x86)/atollic/truestudio for stm32 9.3.0/armtools/bin/../lib/gcc/arm-atollic-eabi/6.3.1/../../../../arm-atollic-eabi/lib/armv7-m\libc.a(lib_a-mallocr.o)
                0x20000b1c                __malloc_current_mallinfo
 .bss.__malloc_max_sbrked_mem
                0x20000b44        0x4 c:/program files (x86)/atollic/truestudio for stm32 9.3.0/armtools/bin/../lib/gcc/arm-atollic-eabi/6.3.1/../../../../arm-atollic-eabi/lib/armv7-m\libc.a(lib_a-mallocr.o)
                0x20000b44                __malloc_max_sbrked_mem
 .bss.__malloc_max_total_mem
                0x20000b48        0x4 c:/program files (x86)/atollic/truestudio for stm32 9.3.0/armtools/bin/../lib/gcc/arm-atollic-eabi/6.3.1/../../../../arm-atollic-eabi/lib/armv7-m\libc.a(lib_a-mallocr.o)
                0x20000b48                __malloc_max_total_mem
 .bss.__malloc_top_pad
                0x20000b4c        0x4 c:/program files (x86)/atollic/truestudio for stm32 9.3.0/armtools/bin/../lib/gcc/arm-atollic-eabi/6.3.1/../../../../arm-atollic-eabi/lib/armv7-m\libc.a(lib_a-mallocr.o)
                0x20000b4c                __malloc_top_pad
 .bss.heap_end.4116
                0x20000b50        0x4 c:/program files (x86)/atollic/truestudio for stm32 9.3.0/armtools/bin/../lib/gcc/arm-atollic-eabi/6.3.1/../../../../arm-atollic-eabi/lib/armv7-m\libnosys.a(sbrk.o)
 *(COMMON)
 COMMON         0x20000b54       0x84 src\main.o
                0x20000b54                params
                0x20000b64                System
                0x20000b74                JSTICK
                0x20000b8c                finger
 COMMON         0x20000bd8        0x9 c:/program files (x86)/atollic/truestudio for stm32 9.3.0/armtools/bin/../lib/gcc/arm-atollic-eabi/6.3.1/../../../../arm-atollic-eabi/lib/armv7-m\libc.a(lib_a-lock.o)
                0x20000bd8                __lock___atexit_recursive_mutex
                0x20000bd9                __lock___arc4random_mutex
                0x20000bda                __lock___env_recursive_mutex
                0x20000bdb                __lock___sinit_recursive_mutex
                0x20000bdc                __lock___malloc_recursive_mutex
                0x20000bdd                __lock___at_quick_exit_mutex
                0x20000bde                __lock___dd_hash_mutex
                0x20000bdf                __lock___tz_mutex
                0x20000be0                __lock___sfp_recursive_mutex
 *fill*         0x20000be1        0x3 
 COMMON         0x20000be4        0x4 c:/program files (x86)/atollic/truestudio for stm32 9.3.0/armtools/bin/../lib/gcc/arm-atollic-eabi/6.3.1/../../../../arm-atollic-eabi/lib/armv7-m\libc.a(lib_a-reent.o)
                0x20000be4                errno
                0x20000be8                . = ALIGN (0x4)
                0x20000be8                _ebss = .
                0x20000be8                __bss_end__ = _ebss

._user_heap_stack
                0x20000be8      0x100 load address 0x0800a81c
                0x20000be8                . = ALIGN (0x4)
                0x20000be8                PROVIDE (end, .)
                [!provide]                PROVIDE (_end, .)
                0x20000be8                . = (. + _Min_Heap_Size)
                0x20000ce8                . = (. + _Min_Stack_Size)
 *fill*         0x20000be8      0x100 
                0x20000ce8                . = ALIGN (0x4)

.memory_b1_text
 *(.mb1text)
 *(.mb1text*)
 *(.mb1rodata)
 *(.mb1rodata*)

/DISCARD/
 libc.a(*)
 libm.a(*)
 libgcc.a(*)

.ARM.attributes
                0x00000000       0x29
 *(.ARM.attributes)
 .ARM.attributes
                0x00000000       0x1d c:/program files (x86)/atollic/truestudio for stm32 9.3.0/armtools/bin/../lib/gcc/arm-atollic-eabi/6.3.1/armv7-m/crti.o
 .ARM.attributes
                0x0000001d       0x2d c:/program files (x86)/atollic/truestudio for stm32 9.3.0/armtools/bin/../lib/gcc/arm-atollic-eabi/6.3.1/armv7-m/crtbegin.o
 .ARM.attributes
                0x0000004a       0x33 Libraries\STM32F10x_StdPeriph_Driver\src\misc.o
 .ARM.attributes
                0x0000007d       0x33 Libraries\STM32F10x_StdPeriph_Driver\src\stm32f10x_adc.o
 .ARM.attributes
                0x000000b0       0x33 Libraries\STM32F10x_StdPeriph_Driver\src\stm32f10x_bkp.o
 .ARM.attributes
                0x000000e3       0x33 Libraries\STM32F10x_StdPeriph_Driver\src\stm32f10x_gpio.o
 .ARM.attributes
                0x00000116       0x33 Libraries\STM32F10x_StdPeriph_Driver\src\stm32f10x_pwr.o
 .ARM.attributes
                0x00000149       0x33 Libraries\STM32F10x_StdPeriph_Driver\src\stm32f10x_rcc.o
 .ARM.attributes
                0x0000017c       0x33 Libraries\STM32F10x_StdPeriph_Driver\src\stm32f10x_rtc.o
 .ARM.attributes
                0x000001af       0x33 Libraries\STM32F10x_StdPeriph_Driver\src\stm32f10x_tim.o
 .ARM.attributes
                0x000001e2       0x33 Libraries\STM32F10x_StdPeriph_Driver\src\stm32f10x_usart.o
 .ARM.attributes
                0x00000215       0x33 Libraries\STM32F10x_StdPeriph_Driver\src\stm32f10x_wwdg.o
 .ARM.attributes
                0x00000248       0x33 src\fpm.o
 .ARM.attributes
                0x0000027b       0x33 src\main.o
 .ARM.attributes
                0x000002ae       0x21 src\startup_stm32f10x_md.o
 .ARM.attributes
                0x000002cf       0x33 src\stm32f1xx_it.o
 .ARM.attributes
                0x00000302       0x33 src\stmutils.o
 .ARM.attributes
                0x00000335       0x33 src\system_stm32f10x.o
 .ARM.attributes
                0x00000368       0x33 src\uart_drv.o
 .ARM.attributes
                0x0000039b       0x2d c:/program files (x86)/atollic/truestudio for stm32 9.3.0/armtools/bin/../lib/gcc/arm-atollic-eabi/6.3.1/../../../../arm-atollic-eabi/lib/armv7-m\libc.a(lib_a-init.o)
 .ARM.attributes
                0x000003c8       0x2d c:/program files (x86)/atollic/truestudio for stm32 9.3.0/armtools/bin/../lib/gcc/arm-atollic-eabi/6.3.1/../../../../arm-atollic-eabi/lib/armv7-m\libc.a(lib_a-locale.o)
 .ARM.attributes
                0x000003f5       0x2d c:/program files (x86)/atollic/truestudio for stm32 9.3.0/armtools/bin/../lib/gcc/arm-atollic-eabi/6.3.1/../../../../arm-atollic-eabi/lib/armv7-m\libc.a(lib_a-mbtowc_r.o)
 .ARM.attributes
                0x00000422       0x2d c:/program files (x86)/atollic/truestudio for stm32 9.3.0/armtools/bin/../lib/gcc/arm-atollic-eabi/6.3.1/../../../../arm-atollic-eabi/lib/armv7-m\libc.a(lib_a-memcpy-stub.o)
 .ARM.attributes
                0x0000044f       0x2d c:/program files (x86)/atollic/truestudio for stm32 9.3.0/armtools/bin/../lib/gcc/arm-atollic-eabi/6.3.1/../../../../arm-atollic-eabi/lib/armv7-m\libc.a(lib_a-memset.o)
 .ARM.attributes
                0x0000047c       0x2d c:/program files (x86)/atollic/truestudio for stm32 9.3.0/armtools/bin/../lib/gcc/arm-atollic-eabi/6.3.1/../../../../arm-atollic-eabi/lib/armv7-m\libc.a(lib_a-printf.o)
 .ARM.attributes
                0x000004a9       0x2d c:/program files (x86)/atollic/truestudio for stm32 9.3.0/armtools/bin/../lib/gcc/arm-atollic-eabi/6.3.1/../../../../arm-atollic-eabi/lib/armv7-m\libc.a(lib_a-puts.o)
 .ARM.attributes
                0x000004d6       0x2d c:/program files (x86)/atollic/truestudio for stm32 9.3.0/armtools/bin/../lib/gcc/arm-atollic-eabi/6.3.1/../../../../arm-atollic-eabi/lib/armv7-m\libc.a(lib_a-sprintf.o)
 .ARM.attributes
                0x00000503       0x2d c:/program files (x86)/atollic/truestudio for stm32 9.3.0/armtools/bin/../lib/gcc/arm-atollic-eabi/6.3.1/../../../../arm-atollic-eabi/lib/armv7-m\libc.a(lib_a-strcat.o)
 .ARM.attributes
                0x00000530       0x2d c:/program files (x86)/atollic/truestudio for stm32 9.3.0/armtools/bin/../lib/gcc/arm-atollic-eabi/6.3.1/../../../../arm-atollic-eabi/lib/armv7-m\libc.a(lib_a-strcpy.o)
 .ARM.attributes
                0x0000055d       0x17 c:/program files (x86)/atollic/truestudio for stm32 9.3.0/armtools/bin/../lib/gcc/arm-atollic-eabi/6.3.1/../../../../arm-atollic-eabi/lib/armv7-m\libc.a(lib_a-strlen.o)
 .ARM.attributes
                0x00000574       0x2d c:/program files (x86)/atollic/truestudio for stm32 9.3.0/armtools/bin/../lib/gcc/arm-atollic-eabi/6.3.1/../../../../arm-atollic-eabi/lib/armv7-m\libc.a(lib_a-strstr.o)
 .ARM.attributes
                0x000005a1       0x2d c:/program files (x86)/atollic/truestudio for stm32 9.3.0/armtools/bin/../lib/gcc/arm-atollic-eabi/6.3.1/../../../../arm-atollic-eabi/lib/armv7-m\libc.a(lib_a-svfprintf.o)
 .ARM.attributes
                0x000005ce       0x2d c:/program files (x86)/atollic/truestudio for stm32 9.3.0/armtools/bin/../lib/gcc/arm-atollic-eabi/6.3.1/../../../../arm-atollic-eabi/lib/armv7-m\libc.a(lib_a-vfprintf.o)
 .ARM.attributes
                0x000005fb       0x2d c:/program files (x86)/atollic/truestudio for stm32 9.3.0/armtools/bin/../lib/gcc/arm-atollic-eabi/6.3.1/../../../../arm-atollic-eabi/lib/armv7-m\libc.a(lib_a-wctomb_r.o)
 .ARM.attributes
                0x00000628       0x2d c:/program files (x86)/atollic/truestudio for stm32 9.3.0/armtools/bin/../lib/gcc/arm-atollic-eabi/6.3.1/../../../../arm-atollic-eabi/lib/armv7-m\libc.a(lib_a-wsetup.o)
 .ARM.attributes
                0x00000655       0x2d c:/program files (x86)/atollic/truestudio for stm32 9.3.0/armtools/bin/../lib/gcc/arm-atollic-eabi/6.3.1/../../../../arm-atollic-eabi/lib/armv7-m\libc.a(lib_a-ctype_.o)
 .ARM.attributes
                0x00000682       0x2d c:/program files (x86)/atollic/truestudio for stm32 9.3.0/armtools/bin/../lib/gcc/arm-atollic-eabi/6.3.1/../../../../arm-atollic-eabi/lib/armv7-m\libc.a(lib_a-dtoa.o)
 .ARM.attributes
                0x000006af       0x2d c:/program files (x86)/atollic/truestudio for stm32 9.3.0/armtools/bin/../lib/gcc/arm-atollic-eabi/6.3.1/../../../../arm-atollic-eabi/lib/armv7-m\libc.a(lib_a-fflush.o)
 .ARM.attributes
                0x000006dc       0x2d c:/program files (x86)/atollic/truestudio for stm32 9.3.0/armtools/bin/../lib/gcc/arm-atollic-eabi/6.3.1/../../../../arm-atollic-eabi/lib/armv7-m\libc.a(lib_a-findfp.o)
 .ARM.attributes
                0x00000709       0x2d c:/program files (x86)/atollic/truestudio for stm32 9.3.0/armtools/bin/../lib/gcc/arm-atollic-eabi/6.3.1/../../../../arm-atollic-eabi/lib/armv7-m\libc.a(lib_a-freer.o)
 .ARM.attributes
                0x00000736       0x2d c:/program files (x86)/atollic/truestudio for stm32 9.3.0/armtools/bin/../lib/gcc/arm-atollic-eabi/6.3.1/../../../../arm-atollic-eabi/lib/armv7-m\libc.a(lib_a-fvwrite.o)
 .ARM.attributes
                0x00000763       0x2d c:/program files (x86)/atollic/truestudio for stm32 9.3.0/armtools/bin/../lib/gcc/arm-atollic-eabi/6.3.1/../../../../arm-atollic-eabi/lib/armv7-m\libc.a(lib_a-fwalk.o)
 .ARM.attributes
                0x00000790       0x2d c:/program files (x86)/atollic/truestudio for stm32 9.3.0/armtools/bin/../lib/gcc/arm-atollic-eabi/6.3.1/../../../../arm-atollic-eabi/lib/armv7-m\libc.a(lib_a-impure.o)
 .ARM.attributes
                0x000007bd       0x2d c:/program files (x86)/atollic/truestudio for stm32 9.3.0/armtools/bin/../lib/gcc/arm-atollic-eabi/6.3.1/../../../../arm-atollic-eabi/lib/armv7-m\libc.a(lib_a-localeconv.o)
 .ARM.attributes
                0x000007ea       0x2d c:/program files (x86)/atollic/truestudio for stm32 9.3.0/armtools/bin/../lib/gcc/arm-atollic-eabi/6.3.1/../../../../arm-atollic-eabi/lib/armv7-m\libc.a(lib_a-lock.o)
 .ARM.attributes
                0x00000817       0x2d c:/program files (x86)/atollic/truestudio for stm32 9.3.0/armtools/bin/../lib/gcc/arm-atollic-eabi/6.3.1/../../../../arm-atollic-eabi/lib/armv7-m\libc.a(lib_a-makebuf.o)
 .ARM.attributes
                0x00000844       0x2d c:/program files (x86)/atollic/truestudio for stm32 9.3.0/armtools/bin/../lib/gcc/arm-atollic-eabi/6.3.1/../../../../arm-atollic-eabi/lib/armv7-m\libc.a(lib_a-malloc.o)
 .ARM.attributes
                0x00000871       0x2d c:/program files (x86)/atollic/truestudio for stm32 9.3.0/armtools/bin/../lib/gcc/arm-atollic-eabi/6.3.1/../../../../arm-atollic-eabi/lib/armv7-m\libc.a(lib_a-mallocr.o)
 .ARM.attributes
                0x0000089e       0x2d c:/program files (x86)/atollic/truestudio for stm32 9.3.0/armtools/bin/../lib/gcc/arm-atollic-eabi/6.3.1/../../../../arm-atollic-eabi/lib/armv7-m\libc.a(lib_a-memchr-stub.o)
 .ARM.attributes
                0x000008cb       0x2d c:/program files (x86)/atollic/truestudio for stm32 9.3.0/armtools/bin/../lib/gcc/arm-atollic-eabi/6.3.1/../../../../arm-atollic-eabi/lib/armv7-m\libc.a(lib_a-memmove.o)
 .ARM.attributes
                0x000008f8       0x2d c:/program files (x86)/atollic/truestudio for stm32 9.3.0/armtools/bin/../lib/gcc/arm-atollic-eabi/6.3.1/../../../../arm-atollic-eabi/lib/armv7-m\libc.a(lib_a-mlock.o)
 .ARM.attributes
                0x00000925       0x2d c:/program files (x86)/atollic/truestudio for stm32 9.3.0/armtools/bin/../lib/gcc/arm-atollic-eabi/6.3.1/../../../../arm-atollic-eabi/lib/armv7-m\libc.a(lib_a-mprec.o)
 .ARM.attributes
                0x00000952       0x2d c:/program files (x86)/atollic/truestudio for stm32 9.3.0/armtools/bin/../lib/gcc/arm-atollic-eabi/6.3.1/../../../../arm-atollic-eabi/lib/armv7-m\libc.a(lib_a-reallocr.o)
 .ARM.attributes
                0x0000097f       0x2d c:/program files (x86)/atollic/truestudio for stm32 9.3.0/armtools/bin/../lib/gcc/arm-atollic-eabi/6.3.1/../../../../arm-atollic-eabi/lib/armv7-m\libc.a(lib_a-sbrkr.o)
 .ARM.attributes
                0x000009ac       0x2d c:/program files (x86)/atollic/truestudio for stm32 9.3.0/armtools/bin/../lib/gcc/arm-atollic-eabi/6.3.1/../../../../arm-atollic-eabi/lib/armv7-m\libc.a(lib_a-stdio.o)
 .ARM.attributes
                0x000009d9       0x2d c:/program files (x86)/atollic/truestudio for stm32 9.3.0/armtools/bin/../lib/gcc/arm-atollic-eabi/6.3.1/../../../../arm-atollic-eabi/lib/armv7-m\libc.a(lib_a-svfiprintf.o)
 .ARM.attributes
                0x00000a06       0x2d c:/program files (x86)/atollic/truestudio for stm32 9.3.0/armtools/bin/../lib/gcc/arm-atollic-eabi/6.3.1/../../../../arm-atollic-eabi/lib/armv7-m\libc.a(lib_a-vfiprintf.o)
 .ARM.attributes
                0x00000a33       0x2d c:/program files (x86)/atollic/truestudio for stm32 9.3.0/armtools/bin/../lib/gcc/arm-atollic-eabi/6.3.1/../../../../arm-atollic-eabi/lib/armv7-m\libc.a(lib_a-writer.o)
 .ARM.attributes